Archive member included because of file (symbol)

/usr/local/CrossPack-AVR-20100115/lib/gcc/avr/4.3.3/avr5/libgcc.a(_exit.o)
                              /usr/local/CrossPack-AVR-20100115/lib/gcc/avr/4.3.3/../../../../avr/lib/avr5/crtm32u4.o (exit)
/usr/local/CrossPack-AVR-20100115/lib/gcc/avr/4.3.3/avr5/libgcc.a(_copy_data.o)
                              tpad4-mega.o (__do_copy_data)
/usr/local/CrossPack-AVR-20100115/lib/gcc/avr/4.3.3/avr5/libgcc.a(_clear_bss.o)
                              tpad4-mega.o (__do_clear_bss)
/usr/local/CrossPack-AVR-20100115/lib/gcc/avr/4.3.3/../../../../avr/lib/avr5/libc.a(atoi.o)
                              tpad4-mega.o (atoi)
/usr/local/CrossPack-AVR-20100115/lib/gcc/avr/4.3.3/../../../../avr/lib/avr5/libc.a(memcpy_P.o)
                              ../../LUFA/Drivers/USB/Class/Device/RNDISClassDevice.o (memcpy_P)
/usr/local/CrossPack-AVR-20100115/lib/gcc/avr/4.3.3/../../../../avr/lib/avr5/libc.a(memcmp.o)
                              ../../LUFA/Drivers/USB/Class/Device/HIDClassDevice.o (memcmp)
/usr/local/CrossPack-AVR-20100115/lib/gcc/avr/4.3.3/../../../../avr/lib/avr5/libc.a(memcpy.o)
                              ../../LUFA/Drivers/USB/Class/Device/HIDClassDevice.o (memcpy)
/usr/local/CrossPack-AVR-20100115/lib/gcc/avr/4.3.3/../../../../avr/lib/avr5/libc.a(memset.o)
                              ../../LUFA/Drivers/USB/Class/Device/HIDClassDevice.o (memset)
/usr/local/CrossPack-AVR-20100115/lib/gcc/avr/4.3.3/../../../../avr/lib/avr5/libc.a(mul10.o)
                              /usr/local/CrossPack-AVR-20100115/lib/gcc/avr/4.3.3/../../../../avr/lib/avr5/libc.a(atoi.o) (__mulhi_const_10)
/usr/local/CrossPack-AVR-20100115/lib/gcc/avr/4.3.3/../../../../avr/lib/avr5/libc.a(fputs.o)
                              tpad4-mega.o (fputs)
/usr/local/CrossPack-AVR-20100115/lib/gcc/avr/4.3.3/../../../../avr/lib/avr5/libc.a(sprintf.o)
                              tpad4-mega.o (sprintf)
/usr/local/CrossPack-AVR-20100115/lib/gcc/avr/4.3.3/../../../../avr/lib/avr5/libc.a(vfprintf_std.o)
                              /usr/local/CrossPack-AVR-20100115/lib/gcc/avr/4.3.3/../../../../avr/lib/avr5/libc.a(sprintf.o) (vfprintf)
/usr/local/CrossPack-AVR-20100115/lib/gcc/avr/4.3.3/../../../../avr/lib/avr5/libc.a(eerd_byte_atmega32u4.o)
                              ../../LUFA/Drivers/USB/Core/AVR8/EndpointStream_AVR8.o (__eerd_byte_m32u4)
/usr/local/CrossPack-AVR-20100115/lib/gcc/avr/4.3.3/../../../../avr/lib/avr5/libc.a(eeupd_byte_atmega32u4.o)
                              ../../LUFA/Drivers/USB/Core/AVR8/EndpointStream_AVR8.o (__eeupd_byte_m32u4)
/usr/local/CrossPack-AVR-20100115/lib/gcc/avr/4.3.3/../../../../avr/lib/avr5/libc.a(strnlen_P.o)
                              /usr/local/CrossPack-AVR-20100115/lib/gcc/avr/4.3.3/../../../../avr/lib/avr5/libc.a(vfprintf_std.o) (strnlen_P)
/usr/local/CrossPack-AVR-20100115/lib/gcc/avr/4.3.3/../../../../avr/lib/avr5/libc.a(strnlen.o)
                              /usr/local/CrossPack-AVR-20100115/lib/gcc/avr/4.3.3/../../../../avr/lib/avr5/libc.a(vfprintf_std.o) (strnlen)
/usr/local/CrossPack-AVR-20100115/lib/gcc/avr/4.3.3/../../../../avr/lib/avr5/libc.a(fputc.o)
                              /usr/local/CrossPack-AVR-20100115/lib/gcc/avr/4.3.3/../../../../avr/lib/avr5/libc.a(vfprintf_std.o) (fputc)
/usr/local/CrossPack-AVR-20100115/lib/gcc/avr/4.3.3/../../../../avr/lib/avr5/libc.a(ultoa_invert.o)
                              /usr/local/CrossPack-AVR-20100115/lib/gcc/avr/4.3.3/../../../../avr/lib/avr5/libc.a(vfprintf_std.o) (__ultoa_invert)
/usr/local/CrossPack-AVR-20100115/lib/gcc/avr/4.3.3/avr5/libgcc.a(_prologue.o)
                              /usr/local/CrossPack-AVR-20100115/lib/gcc/avr/4.3.3/../../../../avr/lib/avr5/libc.a(sprintf.o) (__prologue_saves__)
/usr/local/CrossPack-AVR-20100115/lib/gcc/avr/4.3.3/avr5/libgcc.a(_epilogue.o)
                              /usr/local/CrossPack-AVR-20100115/lib/gcc/avr/4.3.3/../../../../avr/lib/avr5/libc.a(fputs.o) (__epilogue_restores__)

Allocating common symbols
Common symbol       size              file

USB_IsInitialized   0x1               ../../LUFA/Drivers/USB/Core/USBTask.o
colorBuffer         0x8               tpad4-mega.o
USB_DeviceState     0x1               ../../LUFA/Drivers/USB/Core/USBTask.o
bufferPos           0x2               tpad4-mega.o
USB_Device_ConfigurationNumber
                    0x1               ../../LUFA/Drivers/USB/Core/DeviceStandardReq.o
results             0x8               tpad4-mega.o
USB_Device_CurrentlySelfPowered
                    0x1               ../../LUFA/Drivers/USB/Core/DeviceStandardReq.o
USB_ControlRequest  0x8               ../../LUFA/Drivers/USB/Core/USBTask.o
ParserState         0x8               tpad4-mega.o
USB_Device_RemoteWakeupEnabled
                    0x1               ../../LUFA/Drivers/USB/Core/DeviceStandardReq.o

Discarded input sections

[...]
Memory Configuration

Name             Origin             Length             Attributes
text             0x00000000         0x00020000         xr
data             0x00800060         0x0000ffa0         rw !x
eeprom           0x00810000         0x00010000         rw !x
fuse             0x00820000         0x00000400         rw !x
lock             0x00830000         0x00000400         rw !x
signature        0x00840000         0x00000400         rw !x
*default*        0x00000000         0xffffffff

Linker script and memory map

Address of section .data set to 0x800100
LOAD /usr/local/CrossPack-AVR-20100115/lib/gcc/avr/4.3.3/../../../../avr/lib/avr5/crtm32u4.o
LOAD /usr/local/CrossPack-AVR-20100115/lib/gcc/avr/4.3.3/../../../../avr/lib/avr5/libm.a
LOAD tpad4-mega.o
LOAD led.o
LOAD Descriptors.o
LOAD ../../LUFA/Drivers/USB/Core/AVR8/Device_AVR8.o
LOAD ../../LUFA/Drivers/USB/Core/AVR8/Endpoint_AVR8.o
LOAD ../../LUFA/Drivers/USB/Core/AVR8/Host_AVR8.o
LOAD ../../LUFA/Drivers/USB/Core/AVR8/Pipe_AVR8.o
LOAD ../../LUFA/Drivers/USB/Core/AVR8/USBController_AVR8.o
LOAD ../../LUFA/Drivers/USB/Core/AVR8/USBInterrupt_AVR8.o
LOAD ../../LUFA/Drivers/USB/Core/AVR8/EndpointStream_AVR8.o
LOAD ../../LUFA/Drivers/USB/Core/AVR8/PipeStream_AVR8.o
LOAD ../../LUFA/Drivers/USB/Core/ConfigDescriptors.o
LOAD ../../LUFA/Drivers/USB/Core/DeviceStandardReq.o
LOAD ../../LUFA/Drivers/USB/Core/Events.o
LOAD ../../LUFA/Drivers/USB/Core/HostStandardReq.o
LOAD ../../LUFA/Drivers/USB/Core/USBTask.o
LOAD ../../LUFA/Drivers/USB/Class/Common/HIDParser.o
LOAD ../../LUFA/Drivers/USB/Class/Device/AudioClassDevice.o
LOAD ../../LUFA/Drivers/USB/Class/Device/CDCClassDevice.o
LOAD ../../LUFA/Drivers/USB/Class/Device/HIDClassDevice.o
LOAD ../../LUFA/Drivers/USB/Class/Device/MassStorageClassDevice.o
LOAD ../../LUFA/Drivers/USB/Class/Device/MIDIClassDevice.o
LOAD ../../LUFA/Drivers/USB/Class/Device/RNDISClassDevice.o
LOAD ../../LUFA/Drivers/USB/Class/Host/AndroidAccessoryClassHost.o
LOAD ../../LUFA/Drivers/USB/Class/Host/AudioClassHost.o
LOAD ../../LUFA/Drivers/USB/Class/Host/CDCClassHost.o
LOAD ../../LUFA/Drivers/USB/Class/Host/HIDClassHost.o
LOAD ../../LUFA/Drivers/USB/Class/Host/MassStorageClassHost.o
LOAD ../../LUFA/Drivers/USB/Class/Host/MIDIClassHost.o
LOAD ../../LUFA/Drivers/USB/Class/Host/PrinterClassHost.o
LOAD ../../LUFA/Drivers/USB/Class/Host/RNDISClassHost.o
LOAD ../../LUFA/Drivers/USB/Class/Host/StillImageClassHost.o
LOAD /usr/local/CrossPack-AVR-20100115/lib/gcc/avr/4.3.3/avr5/libgcc.a
LOAD /usr/local/CrossPack-AVR-20100115/lib/gcc/avr/4.3.3/../../../../avr/lib/avr5/libc.a
LOAD /usr/local/CrossPack-AVR-20100115/lib/gcc/avr/4.3.3/avr5/libgcc.a

.hash
 *(.hash)

.dynsym
 *(.dynsym)

.dynstr
 *(.dynstr)

.gnu.version
 *(.gnu.version)

.gnu.version_d
 *(.gnu.version_d)

.gnu.version_r
 *(.gnu.version_r)

.rel.init
 *(.rel.init)

.rela.init
 *(.rela.init)

.rel.text
 *(.rel.text)
 *(.rel.text.*)
 *(.rel.gnu.linkonce.t*)

.rela.text
 *(.rela.text)
 *(.rela.text.*)
 *(.rela.gnu.linkonce.t*)

.rel.fini
 *(.rel.fini)

.rela.fini
 *(.rela.fini)

.rel.rodata
 *(.rel.rodata)
 *(.rel.rodata.*)
 *(.rel.gnu.linkonce.r*)

.rela.rodata
 *(.rela.rodata)
 *(.rela.rodata.*)
 *(.rela.gnu.linkonce.r*)

.rel.data
 *(.rel.data)
 *(.rel.data.*)
 *(.rel.gnu.linkonce.d*)

.rela.data
 *(.rela.data)
 *(.rela.data.*)
 *(.rela.gnu.linkonce.d*)

.rel.ctors
 *(.rel.ctors)

.rela.ctors
 *(.rela.ctors)

.rel.dtors
 *(.rel.dtors)

.rela.dtors
 *(.rela.dtors)

.rel.got
 *(.rel.got)

.rela.got
 *(.rela.got)

.rel.bss
 *(.rel.bss)

.rela.bss
 *(.rela.bss)

.rel.plt
 *(.rel.plt)

.rela.plt
 *(.rela.plt)

.text           0x00000000     0x1abc
 *(.vectors)
 .vectors       0x00000000       0xac /usr/local/CrossPack-AVR-20100115/lib/gcc/avr/4.3.3/../../../../avr/lib/avr5/crtm32u4.o
                0x00000000                __vectors
                0x00000000                __vector_default
 *(.vectors)
 *(.progmem.gcc*)
 *(.progmem*)
 .progmem.data  0x000000ac       0x7c Descriptors.o
                0x00000100                ManufacturerString
                0x000000fc                LanguageString
                0x000000ac                DeviceDescriptor
                0x00000110                ProductString
                0x000000be                ConfigurationDescriptor
                0x00000128                . = ALIGN (0x2)
                0x00000128                __trampolines_start = .
 *(.trampolines)
 .trampolines   0x00000128        0x0 linker stubs
 *(.trampolines*)
                0x00000128                __trampolines_end = .
 *(.jumptables)
 *(.jumptables*)
 *(.lowtext)
 *(.lowtext*)
                0x00000128                __ctors_start = .
 *(.ctors)
                0x00000128                __ctors_end = .
                0x00000128                __dtors_start = .
 *(.dtors)
                0x00000128                __dtors_end = .
 SORT(*)(.ctors)
 SORT(*)(.dtors)
 *(.init0)
 .init0         0x00000128        0x0 /usr/local/CrossPack-AVR-20100115/lib/gcc/avr/4.3.3/../../../../avr/lib/avr5/crtm32u4.o
                0x00000128                __init
 *(.init0)
 *(.init1)
 *(.init1)
 *(.init2)
 .init2         0x00000128        0xc /usr/local/CrossPack-AVR-20100115/lib/gcc/avr/4.3.3/../../../../avr/lib/avr5/crtm32u4.o
 *(.init2)
 *(.init3)
 *(.init3)
 *(.init4)
 .init4         0x00000134       0x16 /usr/local/CrossPack-AVR-20100115/lib/gcc/avr/4.3.3/avr5/libgcc.a(_copy_data.o)
                0x00000134                __do_copy_data
 .init4         0x0000014a       0x10 /usr/local/CrossPack-AVR-20100115/lib/gcc/avr/4.3.3/avr5/libgcc.a(_clear_bss.o)
                0x0000014a                __do_clear_bss
 *(.init4)
 *(.init5)
 *(.init5)
 *(.init6)
 *(.init6)
 *(.init7)
 *(.init7)
 *(.init8)
 *(.init8)
 *(.init9)
 .init9         0x0000015a        0x6 /usr/local/CrossPack-AVR-20100115/lib/gcc/avr/4.3.3/../../../../avr/lib/avr5/crtm32u4.o
 *(.init9)
 *(.text)
 .text          0x00000160        0x2 /usr/local/CrossPack-AVR-20100115/lib/gcc/avr/4.3.3/../../../../avr/lib/avr5/crtm32u4.o
                0x00000160                __vector_38
                0x00000160                __vector_22
                0x00000160                __vector_28
                0x00000160                __vector_1
                0x00000160                __vector_32
                0x00000160                __vector_34
                0x00000160                __vector_24
                0x00000160                __vector_12
                0x00000160                __bad_interrupt
                0x00000160                __vector_6
                0x00000160                __vector_31
                0x00000160                __vector_35
                0x00000160                __vector_39
                0x00000160                __vector_3
                0x00000160                __vector_23
                0x00000160                __vector_30
                0x00000160                __vector_25
                0x00000160                __vector_13
                0x00000160                __vector_17
                0x00000160                __vector_19
                0x00000160                __vector_7
                0x00000160                __vector_41
                0x00000160                __vector_27
                0x00000160                __vector_5
                0x00000160                __vector_33
                0x00000160                __vector_37
                0x00000160                __vector_4
                0x00000160                __vector_9
                0x00000160                __vector_2
                0x00000160                __vector_21
                0x00000160                __vector_15
                0x00000160                __vector_36
                0x00000160                __vector_29
                0x00000160                __vector_40
                0x00000160                __vector_8
                0x00000160                __vector_26
                0x00000160                __vector_14
                0x00000160                __vector_16
                0x00000160                __vector_18
                0x00000160                __vector_20
                0x00000160                __vector_42
                0x00000162                . = ALIGN (0x2)
 *(.text.*)
 .text.ADC_SetupChannel
                0x00000162       0xa0 tpad4-mega.o
 .text.EVENT_CDC_Device_ControLineStateChanged
                0x00000202       0x10 tpad4-mega.o
                0x00000202                EVENT_CDC_Device_ControLineStateChanged
 .text.EVENT_USB_Device_ControlRequest
                0x00000212        0x8 tpad4-mega.o
                0x00000212                EVENT_USB_Device_ControlRequest
 .text.EVENT_USB_Device_ConfigurationChanged
                0x0000021a        0x8 tpad4-mega.o
                0x0000021a                EVENT_USB_Device_ConfigurationChanged
 .text.ButtonStates
                0x00000222      0x204 tpad4-mega.o
                0x00000222                ButtonStates
 .text.SetupHardware
                0x00000426       0x4c tpad4-mega.o
                0x00000426                SetupHardware
 .text.parseChunk
                0x00000472      0x104 tpad4-mega.o
                0x00000472                parseChunk
 .text.updateLeds
                0x00000576       0x48 tpad4-mega.o
                0x00000576                updateLeds
 .text.main     0x000005be       0xda tpad4-mega.o
                0x000005be                main
 .text.led_createColor
                0x00000698       0x9e led.o
                0x00000698                led_createColor
 .text.led_send
                0x00000736       0x46 led.o
                0x00000736                led_send
 .text.led_latch
                0x0000077c        0x6 led.o
                0x0000077c                led_latch
 .text.led_setup
                0x00000782        0xc led.o
                0x00000782                led_setup
 .text.CALLBACK_USB_GetDescriptor
                0x0000078e       0x5c Descriptors.o
                0x0000078e                CALLBACK_USB_GetDescriptor
 .text.Endpoint_ConfigureEndpoint_Prv
                0x000007ea       0x70 ../../LUFA/Drivers/USB/Core/AVR8/Endpoint_AVR8.o
                0x000007ea                Endpoint_ConfigureEndpoint_Prv
 .text.Endpoint_ConfigureEndpointTable
                0x0000085a       0x78 ../../LUFA/Drivers/USB/Core/AVR8/Endpoint_AVR8.o
                0x0000085a                Endpoint_ConfigureEndpointTable
 .text.Endpoint_ClearStatusStage
                0x000008d2       0x42 ../../LUFA/Drivers/USB/Core/AVR8/Endpoint_AVR8.o
                0x000008d2                Endpoint_ClearStatusStage
 .text.Endpoint_WaitUntilReady
                0x00000914       0x64 ../../LUFA/Drivers/USB/Core/AVR8/Endpoint_AVR8.o
                0x00000914                Endpoint_WaitUntilReady
 .text.USB_ResetInterface
                0x00000978       0x88 ../../LUFA/Drivers/USB/Core/AVR8/USBController_AVR8.o
                0x00000978                USB_ResetInterface
 .text.USB_Init
                0x00000a00       0x16 ../../LUFA/Drivers/USB/Core/AVR8/USBController_AVR8.o
                0x00000a00                USB_Init
 .text.USB_INT_DisableAllInterrupts
                0x00000a16       0x10 ../../LUFA/Drivers/USB/Core/AVR8/USBInterrupt_AVR8.o
                0x00000a16                USB_INT_DisableAllInterrupts
 .text.USB_INT_ClearAllInterrupts
                0x00000a26        0xa ../../LUFA/Drivers/USB/Core/AVR8/USBInterrupt_AVR8.o
                0x00000a26                USB_INT_ClearAllInterrupts
 .text.__vector_11
                0x00000a30       0x76 ../../LUFA/Drivers/USB/Core/AVR8/USBInterrupt_AVR8.o
                0x00000a30                __vector_11
 .text.__vector_10
                0x00000aa6      0x192 ../../LUFA/Drivers/USB/Core/AVR8/USBInterrupt_AVR8.o
                0x00000aa6                __vector_10
 .text.Endpoint_Write_Control_Stream_LE
                0x00000c38       0xcc ../../LUFA/Drivers/USB/Core/AVR8/EndpointStream_AVR8.o
                0x00000c38                Endpoint_Write_Control_Stream_LE
 .text.Endpoint_Write_Control_PStream_LE
                0x00000d04       0xd0 ../../LUFA/Drivers/USB/Core/AVR8/EndpointStream_AVR8.o
                0x00000d04                Endpoint_Write_Control_PStream_LE
 .text.USB_Device_ProcessControlRequest
                0x00000dd4      0x2d6 ../../LUFA/Drivers/USB/Core/DeviceStandardReq.o
                0x00000dd4                USB_Device_ProcessControlRequest
 .text.USB_Event_Stub
                0x000010aa        0x2 ../../LUFA/Drivers/USB/Core/Events.o
                0x000010aa                EVENT_USB_Device_Connect
                0x000010aa                EVENT_USB_Device_WakeUp
                0x000010aa                USB_Event_Stub
                0x000010aa                EVENT_USB_Device_Suspend
                0x000010aa                EVENT_USB_Device_StartOfFrame
                0x000010aa                EVENT_USB_Device_Disconnect
                0x000010aa                EVENT_USB_Device_Reset
 .text.USB_USBTask
                0x000010ac       0x2a ../../LUFA/Drivers/USB/Core/USBTask.o
                0x000010ac                USB_USBTask
 .text.CDC_Device_BytesReceived
                0x000010d6       0x6a ../../LUFA/Drivers/USB/Class/Device/CDCClassDevice.o
                0x000010d6                CDC_Device_BytesReceived
 .text.CDC_Device_ReceiveByte
                0x00001140       0x78 ../../LUFA/Drivers/USB/Class/Device/CDCClassDevice.o
                0x00001140                CDC_Device_ReceiveByte
 .text.CDC_Device_CreateStream
                0x000011b8       0x26 ../../LUFA/Drivers/USB/Class/Device/CDCClassDevice.o
                0x000011b8                CDC_Device_CreateStream
 .text.CDC_Device_getchar
                0x000011de       0x16 ../../LUFA/Drivers/USB/Class/Device/CDCClassDevice.o
 .text.CDC_Device_Event_Stub
                0x000011f4        0x2 ../../LUFA/Drivers/USB/Class/Device/CDCClassDevice.o
                0x000011f4                EVENT_CDC_Device_LineEncodingChanged
                0x000011f4                EVENT_CDC_Device_BreakSent
                0x000011f4                CDC_Device_Event_Stub
 .text.CDC_Device_Flush
                0x000011f6       0x68 ../../LUFA/Drivers/USB/Class/Device/CDCClassDevice.o
                0x000011f6                CDC_Device_Flush
 .text.CDC_Device_USBTask
                0x0000125e       0x20 ../../LUFA/Drivers/USB/Class/Device/CDCClassDevice.o
                0x0000125e                CDC_Device_USBTask
 .text.CDC_Device_SendByte
                0x0000127e       0x4c ../../LUFA/Drivers/USB/Class/Device/CDCClassDevice.o
                0x0000127e                CDC_Device_SendByte
 .text.CDC_Device_putchar
                0x000012ca       0x1e ../../LUFA/Drivers/USB/Class/Device/CDCClassDevice.o
 .text.CDC_Device_ConfigureEndpoints
                0x000012e8       0x4e ../../LUFA/Drivers/USB/Class/Device/CDCClassDevice.o
                0x000012e8                CDC_Device_ConfigureEndpoints
 .text.CDC_Device_ProcessControlRequest
                0x00001336      0x15c ../../LUFA/Drivers/USB/Class/Device/CDCClassDevice.o
                0x00001336                CDC_Device_ProcessControlRequest
 .text.avr-libc
                0x00001492       0x3a /usr/local/CrossPack-AVR-20100115/lib/gcc/avr/4.3.3/../../../../avr/lib/avr5/libc.a(atoi.o)
                0x00001492                atoi
 .text.avr-libc
                0x000014cc       0x10 /usr/local/CrossPack-AVR-20100115/lib/gcc/avr/4.3.3/../../../../avr/lib/avr5/libc.a(mul10.o)
                0x000014cc                __mulhi_const_10
 .text.avr-libc
                0x000014dc       0x50 /usr/local/CrossPack-AVR-20100115/lib/gcc/avr/4.3.3/../../../../avr/lib/avr5/libc.a(fputs.o)
                0x000014dc                fputs
 .text.avr-libc
                0x0000152c       0x42 /usr/local/CrossPack-AVR-20100115/lib/gcc/avr/4.3.3/../../../../avr/lib/avr5/libc.a(sprintf.o)
                0x0000152c                sprintf
 .text.avr-libc
                0x0000156e      0x39c /usr/local/CrossPack-AVR-20100115/lib/gcc/avr/4.3.3/../../../../avr/lib/avr5/libc.a(vfprintf_std.o)
                0x0000156e                vfprintf
 .text.avr-libc
                0x0000190a       0x16 /usr/local/CrossPack-AVR-20100115/lib/gcc/avr/4.3.3/../../../../avr/lib/avr5/libc.a(strnlen_P.o)
                0x0000190a                strnlen_P
 .text.avr-libc
                0x00001920       0x16 /usr/local/CrossPack-AVR-20100115/lib/gcc/avr/4.3.3/../../../../avr/lib/avr5/libc.a(strnlen.o)
                0x00001920                strnlen
 .text.avr-libc
                0x00001936       0x58 /usr/local/CrossPack-AVR-20100115/lib/gcc/avr/4.3.3/../../../../avr/lib/avr5/libc.a(fputc.o)
                0x00001936                fputc
 .text.avr-libc
                0x0000198e       0xbc /usr/local/CrossPack-AVR-20100115/lib/gcc/avr/4.3.3/../../../../avr/lib/avr5/libc.a(ultoa_invert.o)
                0x0000198e                __ultoa_invert
 .text.libgcc   0x00001a4a       0x38 /usr/local/CrossPack-AVR-20100115/lib/gcc/avr/4.3.3/avr5/libgcc.a(_prologue.o)
                0x00001a4a                __prologue_saves__
 .text.libgcc   0x00001a82       0x36 /usr/local/CrossPack-AVR-20100115/lib/gcc/avr/4.3.3/avr5/libgcc.a(_epilogue.o)
                0x00001a82                __epilogue_restores__
                0x00001ab8                . = ALIGN (0x2)
 *(.fini9)
 .fini9         0x00001ab8        0x0 /usr/local/CrossPack-AVR-20100115/lib/gcc/avr/4.3.3/avr5/libgcc.a(_exit.o)
                0x00001ab8                exit
                0x00001ab8                _exit
 *(.fini9)
 *(.fini8)
 *(.fini8)
 *(.fini7)
 *(.fini7)
 *(.fini6)
 *(.fini6)
 *(.fini5)
 *(.fini5)
 *(.fini4)
 *(.fini4)
 *(.fini3)
 *(.fini3)
 *(.fini2)
 *(.fini2)
 *(.fini1)
 *(.fini1)
 *(.fini0)
 .fini0         0x00001ab8        0x4 /usr/local/CrossPack-AVR-20100115/lib/gcc/avr/4.3.3/avr5/libgcc.a(_exit.o)
 *(.fini0)
                0x00001abc                _etext = .

.data           0x00800100       0x7e load address 0x00001abc
                0x00800100                PROVIDE (__data_start, .)
 *(.data)
 .data          0x00800100       0x7d tpad4-mega.o
                0x00800175                buttonMapping
                0x0080016d                buttonChannels
                0x00800152                tpad_CDC_Interface
 *(.data*)
 *(.rodata)
 *(.rodata*)
 *(.gnu.linkonce.d*)
                0x0080017e                . = ALIGN (0x2)
 *fill*         0x0080017d        0x1 00
                0x0080017e                _edata = .
                0x0080017e                PROVIDE (__data_end, .)

.bss            0x0080017e       0x54
                0x0080017e                PROVIDE (__bss_start, .)
 *(.bss)
 .bss           0x0080017e       0x2d tpad4-mega.o
                0x00800181                colors
                0x0080017e                button
                0x00800180                reading
                0x00800199                parserPos
 *(.bss*)
 *(COMMON)
 COMMON         0x008001ab       0x1a tpad4-mega.o
                0x008001ab                colorBuffer
                0x008001b3                bufferPos
                0x008001b5                results
                0x008001bd                ParserState
 COMMON         0x008001c5        0x3 ../../LUFA/Drivers/USB/Core/DeviceStandardReq.o
                0x008001c5                USB_Device_ConfigurationNumber
                0x008001c6                USB_Device_CurrentlySelfPowered
                0x008001c7                USB_Device_RemoteWakeupEnabled
 COMMON         0x008001c8        0xa ../../LUFA/Drivers/USB/Core/USBTask.o
                0x008001c8                USB_IsInitialized
                0x008001c9                USB_DeviceState
                0x008001ca                USB_ControlRequest
                0x008001d2                PROVIDE (__bss_end, .)
                0x00001abc                __data_load_start = LOADADDR (.data)
                0x00001b3a                __data_load_end = (__data_load_start + SIZEOF (.data))

.noinit         0x008001d2        0x0
                0x008001d2                PROVIDE (__noinit_start, .)
 *(.noinit*)
                0x008001d2                PROVIDE (__noinit_end, .)
                0x008001d2                _end = .
                0x008001d2                PROVIDE (__heap_start, .)

.eeprom         0x00810000        0x0
 *(.eeprom*)
                0x00810000                __eeprom_end = .

.fuse
 *(.fuse)
 *(.lfuse)
 *(.hfuse)
 *(.efuse)

.lock
 *(.lock*)

.signature
 *(.signature*)

.stab           0x00000000     0x1224
 *(.stab)
 .stab          0x00000000      0x6b4 /usr/local/CrossPack-AVR-20100115/lib/gcc/avr/4.3.3/../../../../avr/lib/avr5/crtm32u4.o
 .stab          0x000006b4      0x174 /usr/local/CrossPack-AVR-20100115/lib/gcc/avr/4.3.3/../../../../avr/lib/avr5/libc.a(atoi.o)
                                0x180 (size before relaxing)
 .stab          0x00000828       0x84 /usr/local/CrossPack-AVR-20100115/lib/gcc/avr/4.3.3/../../../../avr/lib/avr5/libc.a(memcpy_P.o)
                                 0x90 (size before relaxing)
 .stab          0x000008ac       0xb4 /usr/local/CrossPack-AVR-20100115/lib/gcc/avr/4.3.3/../../../../avr/lib/avr5/libc.a(memcmp.o)
                                 0xc0 (size before relaxing)
 .stab          0x00000960       0x84 /usr/local/CrossPack-AVR-20100115/lib/gcc/avr/4.3.3/../../../../avr/lib/avr5/libc.a(memcpy.o)
                                 0x90 (size before relaxing)
 .stab          0x000009e4       0x6c /usr/local/CrossPack-AVR-20100115/lib/gcc/avr/4.3.3/../../../../avr/lib/avr5/libc.a(memset.o)
                                 0x78 (size before relaxing)
 .stab          0x00000a50       0x78 /usr/local/CrossPack-AVR-20100115/lib/gcc/avr/4.3.3/../../../../avr/lib/avr5/libc.a(mul10.o)
                                 0x84 (size before relaxing)
 .stab          0x00000ac8       0x90 /usr/local/CrossPack-AVR-20100115/lib/gcc/avr/4.3.3/../../../../avr/lib/avr5/libc.a(eerd_byte_atmega32u4.o)
                                 0x9c (size before relaxing)
 .stab          0x00000b58      0x114 /usr/local/CrossPack-AVR-20100115/lib/gcc/avr/4.3.3/../../../../avr/lib/avr5/libc.a(eeupd_byte_atmega32u4.o)
                                0x120 (size before relaxing)
 .stab          0x00000c6c       0x9c /usr/local/CrossPack-AVR-20100115/lib/gcc/avr/4.3.3/../../../../avr/lib/avr5/libc.a(strnlen_P.o)
                                 0xa8 (size before relaxing)
 .stab          0x00000d08       0x9c /usr/local/CrossPack-AVR-20100115/lib/gcc/avr/4.3.3/../../../../avr/lib/avr5/libc.a(strnlen.o)
                                 0xa8 (size before relaxing)
 .stab          0x00000da4      0x480 /usr/local/CrossPack-AVR-20100115/lib/gcc/avr/4.3.3/../../../../avr/lib/avr5/libc.a(ultoa_invert.o)
                                0x48c (size before relaxing)

.stabstr        0x00000000      0x483
 *(.stabstr)
 .stabstr       0x00000000      0x483 /usr/local/CrossPack-AVR-20100115/lib/gcc/avr/4.3.3/../../../../avr/lib/avr5/crtm32u4.o

.stab.excl
 *(.stab.excl)

.stab.exclstr
 *(.stab.exclstr)

.stab.index
 *(.stab.index)

.stab.indexstr
 *(.stab.indexstr)

.comment
 *(.comment)

.debug
 *(.debug)

.line
 *(.line)

.debug_srcinfo
 *(.debug_srcinfo)

.debug_sfnames
 *(.debug_sfnames)

.debug_aranges  0x00000000      0x550
 *(.debug_aranges)
 .debug_aranges
                0x00000000       0x60 tpad4-mega.o
 .debug_aranges
                0x00000060       0x40 led.o
 .debug_aranges
                0x000000a0       0x20 Descriptors.o
 .debug_aranges
                0x000000c0       0x20 ../../LUFA/Drivers/USB/Core/AVR8/Device_AVR8.o
 .debug_aranges
                0x000000e0       0x40 ../../LUFA/Drivers/USB/Core/AVR8/Endpoint_AVR8.o
 .debug_aranges
                0x00000120       0x30 ../../LUFA/Drivers/USB/Core/AVR8/USBController_AVR8.o
 .debug_aranges
                0x00000150       0x38 ../../LUFA/Drivers/USB/Core/AVR8/USBInterrupt_AVR8.o
 .debug_aranges
                0x00000188       0xc8 ../../LUFA/Drivers/USB/Core/AVR8/EndpointStream_AVR8.o
 .debug_aranges
                0x00000250       0x38 ../../LUFA/Drivers/USB/Core/ConfigDescriptors.o
 .debug_aranges
                0x00000288       0x20 ../../LUFA/Drivers/USB/Core/DeviceStandardReq.o
 .debug_aranges
                0x000002a8       0x20 ../../LUFA/Drivers/USB/Core/Events.o
 .debug_aranges
                0x000002c8       0x20 ../../LUFA/Drivers/USB/Core/USBTask.o
 .debug_aranges
                0x000002e8       0x38 ../../LUFA/Drivers/USB/Class/Common/HIDParser.o
 .debug_aranges
                0x00000320       0x30 ../../LUFA/Drivers/USB/Class/Device/AudioClassDevice.o
 .debug_aranges
                0x00000350       0x98 ../../LUFA/Drivers/USB/Class/Device/CDCClassDevice.o
 .debug_aranges
                0x000003e8       0x30 ../../LUFA/Drivers/USB/Class/Device/HIDClassDevice.o
 .debug_aranges
                0x00000418       0x30 ../../LUFA/Drivers/USB/Class/Device/MassStorageClassDevice.o
 .debug_aranges
                0x00000448       0x40 ../../LUFA/Drivers/USB/Class/Device/MIDIClassDevice.o
 .debug_aranges
                0x00000488       0x48 ../../LUFA/Drivers/USB/Class/Device/RNDISClassDevice.o
 .debug_aranges
                0x000004d0       0x20 /usr/local/CrossPack-AVR-20100115/lib/gcc/avr/4.3.3/../../../../avr/lib/avr5/libc.a(fputs.o)
 .debug_aranges
                0x000004f0       0x20 /usr/local/CrossPack-AVR-20100115/lib/gcc/avr/4.3.3/../../../../avr/lib/avr5/libc.a(sprintf.o)
 .debug_aranges
                0x00000510       0x20 /usr/local/CrossPack-AVR-20100115/lib/gcc/avr/4.3.3/../../../../avr/lib/avr5/libc.a(vfprintf_std.o)
 .debug_aranges
                0x00000530       0x20 /usr/local/CrossPack-AVR-20100115/lib/gcc/avr/4.3.3/../../../../avr/lib/avr5/libc.a(fputc.o)

.debug_pubnames
                0x00000000      0xe04
 *(.debug_pubnames)
 .debug_pubnames
                0x00000000      0x17c tpad4-mega.o
 .debug_pubnames
                0x0000017c       0x64 led.o
 .debug_pubnames
                0x000001e0       0x9e Descriptors.o
 .debug_pubnames
                0x0000027e       0x32 ../../LUFA/Drivers/USB/Core/AVR8/Device_AVR8.o
 .debug_pubnames
                0x000002b0       0xaf ../../LUFA/Drivers/USB/Core/AVR8/Endpoint_AVR8.o
 .debug_pubnames
                0x0000035f       0x46 ../../LUFA/Drivers/USB/Core/AVR8/USBController_AVR8.o
 .debug_pubnames
                0x000003a5       0x72 ../../LUFA/Drivers/USB/Core/AVR8/USBInterrupt_AVR8.o
 .debug_pubnames
                0x00000417      0x2df ../../LUFA/Drivers/USB/Core/AVR8/EndpointStream_AVR8.o
 .debug_pubnames
                0x000006f6       0x9b ../../LUFA/Drivers/USB/Core/ConfigDescriptors.o
 .debug_pubnames
                0x00000791       0xa1 ../../LUFA/Drivers/USB/Core/DeviceStandardReq.o
 .debug_pubnames
                0x00000832       0x25 ../../LUFA/Drivers/USB/Core/Events.o
 .debug_pubnames
                0x00000857       0x63 ../../LUFA/Drivers/USB/Core/USBTask.o
 .debug_pubnames
                0x000008ba       0x7e ../../LUFA/Drivers/USB/Class/Common/HIDParser.o
 .debug_pubnames
                0x00000938       0x79 ../../LUFA/Drivers/USB/Class/Device/AudioClassDevice.o
 .debug_pubnames
                0x000009b1      0x18b ../../LUFA/Drivers/USB/Class/Device/CDCClassDevice.o
 .debug_pubnames
                0x00000b3c       0x70 ../../LUFA/Drivers/USB/Class/Device/HIDClassDevice.o
 .debug_pubnames
                0x00000bac       0x6d ../../LUFA/Drivers/USB/Class/Device/MassStorageClassDevice.o
 .debug_pubnames
                0x00000c19       0xa6 ../../LUFA/Drivers/USB/Class/Device/MIDIClassDevice.o
 .debug_pubnames
                0x00000cbf       0xd0 ../../LUFA/Drivers/USB/Class/Device/RNDISClassDevice.o
 .debug_pubnames
                0x00000d8f       0x1c /usr/local/CrossPack-AVR-20100115/lib/gcc/avr/4.3.3/../../../../avr/lib/avr5/libc.a(fputs.o)
 .debug_pubnames
                0x00000dab       0x1e /usr/local/CrossPack-AVR-20100115/lib/gcc/avr/4.3.3/../../../../avr/lib/avr5/libc.a(sprintf.o)
 .debug_pubnames
                0x00000dc9       0x1f /usr/local/CrossPack-AVR-20100115/lib/gcc/avr/4.3.3/../../../../avr/lib/avr5/libc.a(vfprintf_std.o)
 .debug_pubnames
                0x00000de8       0x1c /usr/local/CrossPack-AVR-20100115/lib/gcc/avr/4.3.3/../../../../avr/lib/avr5/libc.a(fputc.o)

.debug_info     0x00000000     0x88c4
 *(.debug_info)
 .debug_info    0x00000000      0x699 tpad4-mega.o
 .debug_info    0x00000699      0x23f led.o
 .debug_info    0x000008d8      0x68d Descriptors.o
 .debug_info    0x00000f65       0xc4 ../../LUFA/Drivers/USB/Core/AVR8/Device_AVR8.o
 .debug_info    0x00001029      0x5f2 ../../LUFA/Drivers/USB/Core/AVR8/Endpoint_AVR8.o
 .debug_info    0x0000161b       0x61 ../../LUFA/Drivers/USB/Core/AVR8/Host_AVR8.o
 .debug_info    0x0000167c       0x61 ../../LUFA/Drivers/USB/Core/AVR8/Pipe_AVR8.o
 .debug_info    0x000016dd      0x49c ../../LUFA/Drivers/USB/Core/AVR8/USBController_AVR8.o
 .debug_info    0x00001b79      0x6a7 ../../LUFA/Drivers/USB/Core/AVR8/USBInterrupt_AVR8.o
 .debug_info    0x00002220     0x157a ../../LUFA/Drivers/USB/Core/AVR8/EndpointStream_AVR8.o
 .debug_info    0x0000379a       0x61 ../../LUFA/Drivers/USB/Core/AVR8/PipeStream_AVR8.o
 .debug_info    0x000037fb      0x34b ../../LUFA/Drivers/USB/Core/ConfigDescriptors.o
 .debug_info    0x00003b46      0x9ed ../../LUFA/Drivers/USB/Core/DeviceStandardReq.o
 .debug_info    0x00004533       0x79 ../../LUFA/Drivers/USB/Core/Events.o
 .debug_info    0x000045ac        0x0 ../../LUFA/Drivers/USB/Core/HostStandardReq.o
 .debug_info    0x000045ac      0x26b ../../LUFA/Drivers/USB/Core/USBTask.o
 .debug_info    0x00004817      0x6ec ../../LUFA/Drivers/USB/Class/Common/HIDParser.o
 .debug_info    0x00004f03      0x55e ../../LUFA/Drivers/USB/Class/Device/AudioClassDevice.o
 .debug_info    0x00005461      0xbba ../../LUFA/Drivers/USB/Class/Device/CDCClassDevice.o
 .debug_info    0x0000601b      0x614 ../../LUFA/Drivers/USB/Class/Device/HIDClassDevice.o
 .debug_info    0x0000662f      0x7ca ../../LUFA/Drivers/USB/Class/Device/MassStorageClassDevice.o
 .debug_info    0x00006df9      0x480 ../../LUFA/Drivers/USB/Class/Device/MIDIClassDevice.o
 .debug_info    0x00007279      0xe4f ../../LUFA/Drivers/USB/Class/Device/RNDISClassDevice.o
 .debug_info    0x000080c8        0x0 ../../LUFA/Drivers/USB/Class/Host/AndroidAccessoryClassHost.o
 .debug_info    0x000080c8        0x0 ../../LUFA/Drivers/USB/Class/Host/AudioClassHost.o
 .debug_info    0x000080c8        0x0 ../../LUFA/Drivers/USB/Class/Host/CDCClassHost.o
 .debug_info    0x000080c8        0x0 ../../LUFA/Drivers/USB/Class/Host/HIDClassHost.o
 .debug_info    0x000080c8        0x0 ../../LUFA/Drivers/USB/Class/Host/MassStorageClassHost.o
 .debug_info    0x000080c8        0x0 ../../LUFA/Drivers/USB/Class/Host/MIDIClassHost.o
 .debug_info    0x000080c8        0x0 ../../LUFA/Drivers/USB/Class/Host/PrinterClassHost.o
 .debug_info    0x000080c8        0x0 ../../LUFA/Drivers/USB/Class/Host/RNDISClassHost.o
 .debug_info    0x000080c8        0x0 ../../LUFA/Drivers/USB/Class/Host/StillImageClassHost.o
 .debug_info    0x000080c8      0x196 /usr/local/CrossPack-AVR-20100115/lib/gcc/avr/4.3.3/../../../../avr/lib/avr5/libc.a(fputs.o)
 .debug_info    0x0000825e      0x1b4 /usr/local/CrossPack-AVR-20100115/lib/gcc/avr/4.3.3/../../../../avr/lib/avr5/libc.a(sprintf.o)
 .debug_info    0x00008412      0x348 /usr/local/CrossPack-AVR-20100115/lib/gcc/avr/4.3.3/../../../../avr/lib/avr5/libc.a(vfprintf_std.o)
 .debug_info    0x0000875a      0x16a /usr/local/CrossPack-AVR-20100115/lib/gcc/avr/4.3.3/../../../../avr/lib/avr5/libc.a(fputc.o)
 *(.gnu.linkonce.wi.*)

.debug_abbrev   0x00000000     0x24f6
 *(.debug_abbrev)
 .debug_abbrev  0x00000000      0x26e tpad4-mega.o
 .debug_abbrev  0x0000026e      0x11f led.o
 .debug_abbrev  0x0000038d      0x154 Descriptors.o
 .debug_abbrev  0x000004e1       0x79 ../../LUFA/Drivers/USB/Core/AVR8/Device_AVR8.o
 .debug_abbrev  0x0000055a      0x1fb ../../LUFA/Drivers/USB/Core/AVR8/Endpoint_AVR8.o
 .debug_abbrev  0x00000755       0x33 ../../LUFA/Drivers/USB/Core/AVR8/Host_AVR8.o
 .debug_abbrev  0x00000788       0x33 ../../LUFA/Drivers/USB/Core/AVR8/Pipe_AVR8.o
 .debug_abbrev  0x000007bb      0x143 ../../LUFA/Drivers/USB/Core/AVR8/USBController_AVR8.o
 .debug_abbrev  0x000008fe      0x1e8 ../../LUFA/Drivers/USB/Core/AVR8/USBInterrupt_AVR8.o
 .debug_abbrev  0x00000ae6      0x1bb ../../LUFA/Drivers/USB/Core/AVR8/EndpointStream_AVR8.o
 .debug_abbrev  0x00000ca1       0x33 ../../LUFA/Drivers/USB/Core/AVR8/PipeStream_AVR8.o
 .debug_abbrev  0x00000cd4      0x15c ../../LUFA/Drivers/USB/Core/ConfigDescriptors.o
 .debug_abbrev  0x00000e30      0x22d ../../LUFA/Drivers/USB/Core/DeviceStandardReq.o
 .debug_abbrev  0x0000105d       0x4a ../../LUFA/Drivers/USB/Core/Events.o
 .debug_abbrev  0x000010a7        0x1 ../../LUFA/Drivers/USB/Core/HostStandardReq.o
 .debug_abbrev  0x000010a8      0x174 ../../LUFA/Drivers/USB/Core/USBTask.o
 .debug_abbrev  0x0000121c      0x1e7 ../../LUFA/Drivers/USB/Class/Common/HIDParser.o
 .debug_abbrev  0x00001403      0x170 ../../LUFA/Drivers/USB/Class/Device/AudioClassDevice.o
 .debug_abbrev  0x00001573      0x302 ../../LUFA/Drivers/USB/Class/Device/CDCClassDevice.o
 .debug_abbrev  0x00001875      0x1b8 ../../LUFA/Drivers/USB/Class/Device/HIDClassDevice.o
 .debug_abbrev  0x00001a2d      0x20f ../../LUFA/Drivers/USB/Class/Device/MassStorageClassDevice.o
 .debug_abbrev  0x00001c3c      0x18b ../../LUFA/Drivers/USB/Class/Device/MIDIClassDevice.o
 .debug_abbrev  0x00001dc7      0x2b7 ../../LUFA/Drivers/USB/Class/Device/RNDISClassDevice.o
 .debug_abbrev  0x0000207e        0x1 ../../LUFA/Drivers/USB/Class/Host/AndroidAccessoryClassHost.o
 .debug_abbrev  0x0000207f        0x1 ../../LUFA/Drivers/USB/Class/Host/AudioClassHost.o
 .debug_abbrev  0x00002080        0x1 ../../LUFA/Drivers/USB/Class/Host/CDCClassHost.o
 .debug_abbrev  0x00002081        0x1 ../../LUFA/Drivers/USB/Class/Host/HIDClassHost.o
 .debug_abbrev  0x00002082        0x1 ../../LUFA/Drivers/USB/Class/Host/MassStorageClassHost.o
 .debug_abbrev  0x00002083        0x1 ../../LUFA/Drivers/USB/Class/Host/MIDIClassHost.o
 .debug_abbrev  0x00002084        0x1 ../../LUFA/Drivers/USB/Class/Host/PrinterClassHost.o
 .debug_abbrev  0x00002085        0x1 ../../LUFA/Drivers/USB/Class/Host/RNDISClassHost.o
 .debug_abbrev  0x00002086        0x1 ../../LUFA/Drivers/USB/Class/Host/StillImageClassHost.o
 .debug_abbrev  0x00002087       0xf3 /usr/local/CrossPack-AVR-20100115/lib/gcc/avr/4.3.3/../../../../avr/lib/avr5/libc.a(fputs.o)
 .debug_abbrev  0x0000217a      0x10e /usr/local/CrossPack-AVR-20100115/lib/gcc/avr/4.3.3/../../../../avr/lib/avr5/libc.a(sprintf.o)
 .debug_abbrev  0x00002288      0x193 /usr/local/CrossPack-AVR-20100115/lib/gcc/avr/4.3.3/../../../../avr/lib/avr5/libc.a(vfprintf_std.o)
 .debug_abbrev  0x0000241b       0xdb /usr/local/CrossPack-AVR-20100115/lib/gcc/avr/4.3.3/../../../../avr/lib/avr5/libc.a(fputc.o)

.debug_line     0x00000000     0x6f67
 *(.debug_line)
 .debug_line    0x00000000      0x6e5 tpad4-mega.o
 .debug_line    0x000006e5      0x19a led.o
 .debug_line    0x0000087f      0x20d Descriptors.o
 .debug_line    0x00000a8c      0x127 ../../LUFA/Drivers/USB/Core/AVR8/Device_AVR8.o
 .debug_line    0x00000bb3      0x4ff ../../LUFA/Drivers/USB/Core/AVR8/Endpoint_AVR8.o
 .debug_line    0x000010b2       0x3e ../../LUFA/Drivers/USB/Core/AVR8/Host_AVR8.o
 .debug_line    0x000010f0       0x3e ../../LUFA/Drivers/USB/Core/AVR8/Pipe_AVR8.o
 .debug_line    0x0000112e      0x36d ../../LUFA/Drivers/USB/Core/AVR8/USBController_AVR8.o
 .debug_line    0x0000149b      0x605 ../../LUFA/Drivers/USB/Core/AVR8/USBInterrupt_AVR8.o
 .debug_line    0x00001aa0     0x1770 ../../LUFA/Drivers/USB/Core/AVR8/EndpointStream_AVR8.o
 .debug_line    0x00003210       0x3e ../../LUFA/Drivers/USB/Core/AVR8/PipeStream_AVR8.o
 .debug_line    0x0000324e      0x25f ../../LUFA/Drivers/USB/Core/ConfigDescriptors.o
 .debug_line    0x000034ad      0x5da ../../LUFA/Drivers/USB/Core/DeviceStandardReq.o
 .debug_line    0x00003a87       0x80 ../../LUFA/Drivers/USB/Core/Events.o
 .debug_line    0x00003b07       0x24 ../../LUFA/Drivers/USB/Core/HostStandardReq.o
 .debug_line    0x00003b2b      0x1c6 ../../LUFA/Drivers/USB/Core/USBTask.o
 .debug_line    0x00003cf1      0x5a3 ../../LUFA/Drivers/USB/Class/Common/HIDParser.o
 .debug_line    0x00004294      0x4c6 ../../LUFA/Drivers/USB/Class/Device/AudioClassDevice.o
 .debug_line    0x0000475a      0x911 ../../LUFA/Drivers/USB/Class/Device/CDCClassDevice.o
 .debug_line    0x0000506b      0x5a1 ../../LUFA/Drivers/USB/Class/Device/HIDClassDevice.o
 .debug_line    0x0000560c      0x5bb ../../LUFA/Drivers/USB/Class/Device/MassStorageClassDevice.o
 .debug_line    0x00005bc7      0x3e1 ../../LUFA/Drivers/USB/Class/Device/MIDIClassDevice.o
 .debug_line    0x00005fa8      0x73c ../../LUFA/Drivers/USB/Class/Device/RNDISClassDevice.o
 .debug_line    0x000066e4       0x24 ../../LUFA/Drivers/USB/Class/Host/AndroidAccessoryClassHost.o
 .debug_line    0x00006708       0x24 ../../LUFA/Drivers/USB/Class/Host/AudioClassHost.o
 .debug_line    0x0000672c       0x24 ../../LUFA/Drivers/USB/Class/Host/CDCClassHost.o
 .debug_line    0x00006750       0x24 ../../LUFA/Drivers/USB/Class/Host/HIDClassHost.o
 .debug_line    0x00006774       0x24 ../../LUFA/Drivers/USB/Class/Host/MassStorageClassHost.o
 .debug_line    0x00006798       0x24 ../../LUFA/Drivers/USB/Class/Host/MIDIClassHost.o
 .debug_line    0x000067bc       0x24 ../../LUFA/Drivers/USB/Class/Host/PrinterClassHost.o
 .debug_line    0x000067e0       0x24 ../../LUFA/Drivers/USB/Class/Host/RNDISClassHost.o
 .debug_line    0x00006804       0x24 ../../LUFA/Drivers/USB/Class/Host/StillImageClassHost.o
 .debug_line    0x00006828       0xb7 /usr/local/CrossPack-AVR-20100115/lib/gcc/avr/4.3.3/../../../../avr/lib/avr5/libc.a(fputs.o)
 .debug_line    0x000068df      0x12f /usr/local/CrossPack-AVR-20100115/lib/gcc/avr/4.3.3/../../../../avr/lib/avr5/libc.a(sprintf.o)
 .debug_line    0x00006a0e      0x482 /usr/local/CrossPack-AVR-20100115/lib/gcc/avr/4.3.3/../../../../avr/lib/avr5/libc.a(vfprintf_std.o)
 .debug_line    0x00006e90       0xd7 /usr/local/CrossPack-AVR-20100115/lib/gcc/avr/4.3.3/../../../../avr/lib/avr5/libc.a(fputc.o)

.debug_frame    0x00000000      0x7c0
 *(.debug_frame)
 .debug_frame   0x00000000       0xa0 tpad4-mega.o
 .debug_frame   0x000000a0       0x60 led.o
 .debug_frame   0x00000100       0x20 Descriptors.o
 .debug_frame   0x00000120       0x20 ../../LUFA/Drivers/USB/Core/AVR8/Device_AVR8.o
 .debug_frame   0x00000140       0x60 ../../LUFA/Drivers/USB/Core/AVR8/Endpoint_AVR8.o
 .debug_frame   0x000001a0       0x40 ../../LUFA/Drivers/USB/Core/AVR8/USBController_AVR8.o
 .debug_frame   0x000001e0       0x50 ../../LUFA/Drivers/USB/Core/AVR8/USBInterrupt_AVR8.o
 .debug_frame   0x00000230      0x170 ../../LUFA/Drivers/USB/Core/AVR8/EndpointStream_AVR8.o
 .debug_frame   0x000003a0       0x50 ../../LUFA/Drivers/USB/Core/ConfigDescriptors.o
 .debug_frame   0x000003f0       0x20 ../../LUFA/Drivers/USB/Core/DeviceStandardReq.o
 .debug_frame   0x00000410       0x20 ../../LUFA/Drivers/USB/Core/Events.o
 .debug_frame   0x00000430       0x20 ../../LUFA/Drivers/USB/Core/USBTask.o
 .debug_frame   0x00000450       0x50 ../../LUFA/Drivers/USB/Class/Common/HIDParser.o
 .debug_frame   0x000004a0       0x40 ../../LUFA/Drivers/USB/Class/Device/AudioClassDevice.o
 .debug_frame   0x000004e0      0x110 ../../LUFA/Drivers/USB/Class/Device/CDCClassDevice.o
 .debug_frame   0x000005f0       0x40 ../../LUFA/Drivers/USB/Class/Device/HIDClassDevice.o
 .debug_frame   0x00000630       0x40 ../../LUFA/Drivers/USB/Class/Device/MassStorageClassDevice.o
 .debug_frame   0x00000670       0x60 ../../LUFA/Drivers/USB/Class/Device/MIDIClassDevice.o
 .debug_frame   0x000006d0       0x70 ../../LUFA/Drivers/USB/Class/Device/RNDISClassDevice.o
 .debug_frame   0x00000740       0x20 /usr/local/CrossPack-AVR-20100115/lib/gcc/avr/4.3.3/../../../../avr/lib/avr5/libc.a(fputs.o)
 .debug_frame   0x00000760       0x20 /usr/local/CrossPack-AVR-20100115/lib/gcc/avr/4.3.3/../../../../avr/lib/avr5/libc.a(sprintf.o)
 .debug_frame   0x00000780       0x20 /usr/local/CrossPack-AVR-20100115/lib/gcc/avr/4.3.3/../../../../avr/lib/avr5/libc.a(vfprintf_std.o)
 .debug_frame   0x000007a0       0x20 /usr/local/CrossPack-AVR-20100115/lib/gcc/avr/4.3.3/../../../../avr/lib/avr5/libc.a(fputc.o)

.debug_str      0x00000000     0x3561
 *(.debug_str)
 .debug_str     0x00000000      0x405 tpad4-mega.o
                                0x48e (size before relaxing)
 .debug_str     0x00000405       0xb2 led.o
                                0x15f (size before relaxing)
 .debug_str     0x000004b7      0x531 Descriptors.o
                                0x676 (size before relaxing)
 .debug_str     0x000009e8       0x77 ../../LUFA/Drivers/USB/Core/AVR8/Device_AVR8.o
                                0x12a (size before relaxing)
 .debug_str     0x00000a5f      0x432 ../../LUFA/Drivers/USB/Core/AVR8/Endpoint_AVR8.o
                                0x554 (size before relaxing)
 .debug_str     0x00000e91       0x2d ../../LUFA/Drivers/USB/Core/AVR8/Host_AVR8.o
                                 0xda (size before relaxing)
 .debug_str     0x00000ebe       0x2d ../../LUFA/Drivers/USB/Core/AVR8/Pipe_AVR8.o
                                 0xda (size before relaxing)
 .debug_str     0x00000eeb      0x24d ../../LUFA/Drivers/USB/Core/AVR8/USBController_AVR8.o
                                0x43c (size before relaxing)
 .debug_str     0x00001138      0x13c ../../LUFA/Drivers/USB/Core/AVR8/USBInterrupt_AVR8.o
                                0x437 (size before relaxing)
 .debug_str     0x00001274      0x4fd ../../LUFA/Drivers/USB/Core/AVR8/EndpointStream_AVR8.o
                                0x758 (size before relaxing)
 .debug_str     0x00001771       0x33 ../../LUFA/Drivers/USB/Core/AVR8/PipeStream_AVR8.o
                                 0xe0 (size before relaxing)
 .debug_str     0x000017a4      0x21d ../../LUFA/Drivers/USB/Core/ConfigDescriptors.o
                                0x2f8 (size before relaxing)
 .debug_str     0x000019c1      0x3f4 ../../LUFA/Drivers/USB/Core/DeviceStandardReq.o
                                0x81f (size before relaxing)
 .debug_str     0x00001db5       0x34 ../../LUFA/Drivers/USB/Core/Events.o
                                 0xe1 (size before relaxing)
 .debug_str     0x00001de9       0x4e ../../LUFA/Drivers/USB/Core/USBTask.o
                                0x298 (size before relaxing)
 .debug_str     0x00001e37      0x481 ../../LUFA/Drivers/USB/Class/Common/HIDParser.o
                                0x5cf (size before relaxing)
 .debug_str     0x000022b8      0x239 ../../LUFA/Drivers/USB/Class/Device/AudioClassDevice.o
                                0x518 (size before relaxing)
 .debug_str     0x000024f1      0x2e9 ../../LUFA/Drivers/USB/Class/Device/CDCClassDevice.o
                                0x8cc (size before relaxing)
 .debug_str     0x000027da      0x1ed ../../LUFA/Drivers/USB/Class/Device/HIDClassDevice.o
                                0x547 (size before relaxing)
 .debug_str     0x000029c7      0x23d ../../LUFA/Drivers/USB/Class/Device/MassStorageClassDevice.o
                                0x6a8 (size before relaxing)
 .debug_str     0x00002c04      0x118 ../../LUFA/Drivers/USB/Class/Device/MIDIClassDevice.o
                                0x51c (size before relaxing)
 .debug_str     0x00002d1c      0x6e8 ../../LUFA/Drivers/USB/Class/Device/RNDISClassDevice.o
                                0xbe0 (size before relaxing)
 .debug_str     0x00003404       0x8b /usr/local/CrossPack-AVR-20100115/lib/gcc/avr/4.3.3/../../../../avr/lib/avr5/libc.a(fputs.o)
                                0x129 (size before relaxing)
 .debug_str     0x0000348f       0x47 /usr/local/CrossPack-AVR-20100115/lib/gcc/avr/4.3.3/../../../../avr/lib/avr5/libc.a(sprintf.o)
                                0x14f (size before relaxing)
 .debug_str     0x000034d6       0x69 /usr/local/CrossPack-AVR-20100115/lib/gcc/avr/4.3.3/../../../../avr/lib/avr5/libc.a(vfprintf_std.o)
                                0x199 (size before relaxing)
 .debug_str     0x0000353f       0x22 /usr/local/CrossPack-AVR-20100115/lib/gcc/avr/4.3.3/../../../../avr/lib/avr5/libc.a(fputc.o)
                                0x129 (size before relaxing)

.debug_loc      0x00000000     0x3aed
 *(.debug_loc)
 .debug_loc     0x00000000       0x9d tpad4-mega.o
 .debug_loc     0x0000009d      0x13a led.o
 .debug_loc     0x000001d7      0x160 Descriptors.o
 .debug_loc     0x00000337      0x11c ../../LUFA/Drivers/USB/Core/AVR8/Endpoint_AVR8.o
 .debug_loc     0x00000453     0x1886 ../../LUFA/Drivers/USB/Core/AVR8/EndpointStream_AVR8.o
 .debug_loc     0x00001cd9      0x2c7 ../../LUFA/Drivers/USB/Core/ConfigDescriptors.o
 .debug_loc     0x00001fa0      0x25a ../../LUFA/Drivers/USB/Core/DeviceStandardReq.o
 .debug_loc     0x000021fa      0x538 ../../LUFA/Drivers/USB/Class/Common/HIDParser.o
 .debug_loc     0x00002732      0x25d ../../LUFA/Drivers/USB/Class/Device/AudioClassDevice.o
 .debug_loc     0x0000298f      0x42c ../../LUFA/Drivers/USB/Class/Device/CDCClassDevice.o
 .debug_loc     0x00002dbb      0x141 ../../LUFA/Drivers/USB/Class/Device/HIDClassDevice.o
 .debug_loc     0x00002efc       0x96 ../../LUFA/Drivers/USB/Class/Device/MassStorageClassDevice.o
 .debug_loc     0x00002f92      0x19a ../../LUFA/Drivers/USB/Class/Device/MIDIClassDevice.o
 .debug_loc     0x0000312c      0x44c ../../LUFA/Drivers/USB/Class/Device/RNDISClassDevice.o
 .debug_loc     0x00003578       0xa6 /usr/local/CrossPack-AVR-20100115/lib/gcc/avr/4.3.3/../../../../avr/lib/avr5/libc.a(fputs.o)
 .debug_loc     0x0000361e       0x24 /usr/local/CrossPack-AVR-20100115/lib/gcc/avr/4.3.3/../../../../avr/lib/avr5/libc.a(sprintf.o)
 .debug_loc     0x00003642      0x44b /usr/local/CrossPack-AVR-20100115/lib/gcc/avr/4.3.3/../../../../avr/lib/avr5/libc.a(vfprintf_std.o)
 .debug_loc     0x00003a8d       0x60 /usr/local/CrossPack-AVR-20100115/lib/gcc/avr/4.3.3/../../../../avr/lib/avr5/libc.a(fputc.o)

.debug_macinfo
 *(.debug_macinfo)
OUTPUT(tpad4-mega.elf elf32-avr)
LOAD linker stubs

.debug_ranges   0x00000000      0x630
 .debug_ranges  0x00000000       0x58 tpad4-mega.o
 .debug_ranges  0x00000058       0x38 led.o
 .debug_ranges  0x00000090       0x18 Descriptors.o
 .debug_ranges  0x000000a8       0x18 ../../LUFA/Drivers/USB/Core/AVR8/Device_AVR8.o
 .debug_ranges  0x000000c0       0x50 ../../LUFA/Drivers/USB/Core/AVR8/Endpoint_AVR8.o
 .debug_ranges  0x00000110       0x28 ../../LUFA/Drivers/USB/Core/AVR8/USBController_AVR8.o
 .debug_ranges  0x00000138       0x30 ../../LUFA/Drivers/USB/Core/AVR8/USBInterrupt_AVR8.o
 .debug_ranges  0x00000168       0xc0 ../../LUFA/Drivers/USB/Core/AVR8/EndpointStream_AVR8.o
 .debug_ranges  0x00000228       0x30 ../../LUFA/Drivers/USB/Core/ConfigDescriptors.o
 .debug_ranges  0x00000258       0x78 ../../LUFA/Drivers/USB/Core/DeviceStandardReq.o
 .debug_ranges  0x000002d0       0x18 ../../LUFA/Drivers/USB/Core/Events.o
 .debug_ranges  0x000002e8       0x18 ../../LUFA/Drivers/USB/Core/USBTask.o
 .debug_ranges  0x00000300       0xa0 ../../LUFA/Drivers/USB/Class/Common/HIDParser.o
 .debug_ranges  0x000003a0       0x28 ../../LUFA/Drivers/USB/Class/Device/AudioClassDevice.o
 .debug_ranges  0x000003c8       0x90 ../../LUFA/Drivers/USB/Class/Device/CDCClassDevice.o
 .debug_ranges  0x00000458       0x28 ../../LUFA/Drivers/USB/Class/Device/HIDClassDevice.o
 .debug_ranges  0x00000480       0x78 ../../LUFA/Drivers/USB/Class/Device/MassStorageClassDevice.o
 .debug_ranges  0x000004f8       0x38 ../../LUFA/Drivers/USB/Class/Device/MIDIClassDevice.o
 .debug_ranges  0x00000530       0x88 ../../LUFA/Drivers/USB/Class/Device/RNDISClassDevice.o
 .debug_ranges  0x000005b8       0x18 /usr/local/CrossPack-AVR-20100115/lib/gcc/avr/4.3.3/../../../../avr/lib/avr5/libc.a(fputs.o)
 .debug_ranges  0x000005d0       0x18 /usr/local/CrossPack-AVR-20100115/lib/gcc/avr/4.3.3/../../../../avr/lib/avr5/libc.a(sprintf.o)
 .debug_ranges  0x000005e8       0x30 /usr/local/CrossPack-AVR-20100115/lib/gcc/avr/4.3.3/../../../../avr/lib/avr5/libc.a(vfprintf_std.o)
 .debug_ranges  0x00000618       0x18 /usr/local/CrossPack-AVR-20100115/lib/gcc/avr/4.3.3/../../../../avr/lib/avr5/libc.a(fputc.o)

Cross Reference Table

Symbol                                            File
Audio_Device_ConfigureEndpoints                   ../../LUFA/Drivers/USB/Class/Device/AudioClassDevice.o
Audio_Device_Event_Stub                           ../../LUFA/Drivers/USB/Class/Device/AudioClassDevice.o
Audio_Device_ProcessControlRequest                ../../LUFA/Drivers/USB/Class/Device/AudioClassDevice.o
ButtonStates                                      tpad4-mega.o
CALLBACK_Audio_Device_GetSetEndpointProperty      ../../LUFA/Drivers/USB/Class/Device/AudioClassDevice.o
CALLBACK_Audio_Device_GetSetInterfaceProperty     ../../LUFA/Drivers/USB/Class/Device/AudioClassDevice.o
CALLBACK_HIDParser_FilterHIDReportItem            ../../LUFA/Drivers/USB/Class/Common/HIDParser.o
CALLBACK_HID_Device_CreateHIDReport               ../../LUFA/Drivers/USB/Class/Device/HIDClassDevice.o
CALLBACK_HID_Device_ProcessHIDReport              ../../LUFA/Drivers/USB/Class/Device/HIDClassDevice.o
CALLBACK_MS_Device_SCSICommandReceived            ../../LUFA/Drivers/USB/Class/Device/MassStorageClassDevice.o
CALLBACK_USB_GetDescriptor                        Descriptors.o
                                                  ../../LUFA/Drivers/USB/Core/DeviceStandardReq.o
CDC_Device_BytesReceived                          ../../LUFA/Drivers/USB/Class/Device/CDCClassDevice.o
                                                  tpad4-mega.o
CDC_Device_ConfigureEndpoints                     ../../LUFA/Drivers/USB/Class/Device/CDCClassDevice.o
                                                  tpad4-mega.o
CDC_Device_CreateBlockingStream                   ../../LUFA/Drivers/USB/Class/Device/CDCClassDevice.o
CDC_Device_CreateStream                           ../../LUFA/Drivers/USB/Class/Device/CDCClassDevice.o
                                                  tpad4-mega.o
CDC_Device_Event_Stub                             ../../LUFA/Drivers/USB/Class/Device/CDCClassDevice.o
CDC_Device_Flush                                  ../../LUFA/Drivers/USB/Class/Device/CDCClassDevice.o
CDC_Device_ProcessControlRequest                  ../../LUFA/Drivers/USB/Class/Device/CDCClassDevice.o
                                                  tpad4-mega.o
CDC_Device_ReceiveByte                            ../../LUFA/Drivers/USB/Class/Device/CDCClassDevice.o
                                                  tpad4-mega.o
CDC_Device_SendByte                               ../../LUFA/Drivers/USB/Class/Device/CDCClassDevice.o
CDC_Device_SendControlLineStateChange             ../../LUFA/Drivers/USB/Class/Device/CDCClassDevice.o
CDC_Device_SendData                               ../../LUFA/Drivers/USB/Class/Device/CDCClassDevice.o
CDC_Device_SendString                             ../../LUFA/Drivers/USB/Class/Device/CDCClassDevice.o
CDC_Device_USBTask                                ../../LUFA/Drivers/USB/Class/Device/CDCClassDevice.o
                                                  tpad4-mega.o
ConfigurationDescriptor                           Descriptors.o
DeviceDescriptor                                  Descriptors.o
EVENT_Audio_Device_StreamStartStop                ../../LUFA/Drivers/USB/Class/Device/AudioClassDevice.o
EVENT_CDC_Device_BreakSent                        ../../LUFA/Drivers/USB/Class/Device/CDCClassDevice.o
EVENT_CDC_Device_ControLineStateChanged           tpad4-mega.o
EVENT_CDC_Device_LineEncodingChanged              ../../LUFA/Drivers/USB/Class/Device/CDCClassDevice.o
EVENT_USB_Device_ConfigurationChanged             tpad4-mega.o
                                                  ../../LUFA/Drivers/USB/Core/DeviceStandardReq.o
EVENT_USB_Device_Connect                          ../../LUFA/Drivers/USB/Core/Events.o
                                                  ../../LUFA/Drivers/USB/Core/AVR8/USBInterrupt_AVR8.o
EVENT_USB_Device_ControlRequest                   tpad4-mega.o
                                                  ../../LUFA/Drivers/USB/Core/DeviceStandardReq.o
EVENT_USB_Device_Disconnect                       ../../LUFA/Drivers/USB/Core/Events.o
                                                  ../../LUFA/Drivers/USB/Core/AVR8/USBInterrupt_AVR8.o
EVENT_USB_Device_Reset                            ../../LUFA/Drivers/USB/Core/Events.o
                                                  ../../LUFA/Drivers/USB/Core/AVR8/USBInterrupt_AVR8.o
EVENT_USB_Device_StartOfFrame                     ../../LUFA/Drivers/USB/Core/Events.o
                                                  ../../LUFA/Drivers/USB/Core/AVR8/USBInterrupt_AVR8.o
EVENT_USB_Device_Suspend                          ../../LUFA/Drivers/USB/Core/Events.o
                                                  ../../LUFA/Drivers/USB/Core/AVR8/USBInterrupt_AVR8.o
EVENT_USB_Device_WakeUp                           ../../LUFA/Drivers/USB/Core/Events.o
                                                  ../../LUFA/Drivers/USB/Core/AVR8/USBInterrupt_AVR8.o
Endpoint_ClearEndpoints                           ../../LUFA/Drivers/USB/Core/AVR8/Endpoint_AVR8.o
Endpoint_ClearStatusStage                         ../../LUFA/Drivers/USB/Core/AVR8/Endpoint_AVR8.o
                                                  ../../LUFA/Drivers/USB/Class/Device/MassStorageClassDevice.o
                                                  ../../LUFA/Drivers/USB/Class/Device/HIDClassDevice.o
                                                  ../../LUFA/Drivers/USB/Class/Device/CDCClassDevice.o
                                                  ../../LUFA/Drivers/USB/Class/Device/AudioClassDevice.o
                                                  ../../LUFA/Drivers/USB/Core/DeviceStandardReq.o
Endpoint_ConfigureEndpointTable                   ../../LUFA/Drivers/USB/Core/AVR8/Endpoint_AVR8.o
                                                  ../../LUFA/Drivers/USB/Class/Device/RNDISClassDevice.o
                                                  ../../LUFA/Drivers/USB/Class/Device/MIDIClassDevice.o
                                                  ../../LUFA/Drivers/USB/Class/Device/MassStorageClassDevice.o
                                                  ../../LUFA/Drivers/USB/Class/Device/HIDClassDevice.o
                                                  ../../LUFA/Drivers/USB/Class/Device/CDCClassDevice.o
                                                  ../../LUFA/Drivers/USB/Class/Device/AudioClassDevice.o
Endpoint_ConfigureEndpoint_Prv                    ../../LUFA/Drivers/USB/Core/AVR8/Endpoint_AVR8.o
                                                  ../../LUFA/Drivers/USB/Core/AVR8/USBInterrupt_AVR8.o
                                                  ../../LUFA/Drivers/USB/Core/AVR8/USBController_AVR8.o
Endpoint_Discard_Stream                           ../../LUFA/Drivers/USB/Core/AVR8/EndpointStream_AVR8.o
Endpoint_Null_Stream                              ../../LUFA/Drivers/USB/Core/AVR8/EndpointStream_AVR8.o
Endpoint_Read_Control_EStream_BE                  ../../LUFA/Drivers/USB/Core/AVR8/EndpointStream_AVR8.o
Endpoint_Read_Control_EStream_LE                  ../../LUFA/Drivers/USB/Core/AVR8/EndpointStream_AVR8.o
Endpoint_Read_Control_Stream_BE                   ../../LUFA/Drivers/USB/Core/AVR8/EndpointStream_AVR8.o
Endpoint_Read_Control_Stream_LE                   ../../LUFA/Drivers/USB/Core/AVR8/EndpointStream_AVR8.o
                                                  ../../LUFA/Drivers/USB/Class/Device/RNDISClassDevice.o
                                                  ../../LUFA/Drivers/USB/Class/Device/HIDClassDevice.o
                                                  ../../LUFA/Drivers/USB/Class/Device/AudioClassDevice.o
Endpoint_Read_EStream_BE                          ../../LUFA/Drivers/USB/Core/AVR8/EndpointStream_AVR8.o
Endpoint_Read_EStream_LE                          ../../LUFA/Drivers/USB/Core/AVR8/EndpointStream_AVR8.o
Endpoint_Read_Stream_BE                           ../../LUFA/Drivers/USB/Core/AVR8/EndpointStream_AVR8.o
Endpoint_Read_Stream_LE                           ../../LUFA/Drivers/USB/Core/AVR8/EndpointStream_AVR8.o
                                                  ../../LUFA/Drivers/USB/Class/Device/RNDISClassDevice.o
                                                  ../../LUFA/Drivers/USB/Class/Device/MIDIClassDevice.o
                                                  ../../LUFA/Drivers/USB/Class/Device/MassStorageClassDevice.o
Endpoint_WaitUntilReady                           ../../LUFA/Drivers/USB/Core/AVR8/Endpoint_AVR8.o
                                                  ../../LUFA/Drivers/USB/Class/Device/RNDISClassDevice.o
                                                  ../../LUFA/Drivers/USB/Class/Device/MIDIClassDevice.o
                                                  ../../LUFA/Drivers/USB/Class/Device/CDCClassDevice.o
                                                  ../../LUFA/Drivers/USB/Core/AVR8/EndpointStream_AVR8.o
Endpoint_Write_Control_EStream_BE                 ../../LUFA/Drivers/USB/Core/AVR8/EndpointStream_AVR8.o
Endpoint_Write_Control_EStream_LE                 ../../LUFA/Drivers/USB/Core/AVR8/EndpointStream_AVR8.o
Endpoint_Write_Control_PStream_BE                 ../../LUFA/Drivers/USB/Core/AVR8/EndpointStream_AVR8.o
Endpoint_Write_Control_PStream_LE                 ../../LUFA/Drivers/USB/Core/AVR8/EndpointStream_AVR8.o
                                                  ../../LUFA/Drivers/USB/Core/DeviceStandardReq.o
Endpoint_Write_Control_Stream_BE                  ../../LUFA/Drivers/USB/Core/AVR8/EndpointStream_AVR8.o
Endpoint_Write_Control_Stream_LE                  ../../LUFA/Drivers/USB/Core/AVR8/EndpointStream_AVR8.o
                                                  ../../LUFA/Drivers/USB/Class/Device/RNDISClassDevice.o
                                                  ../../LUFA/Drivers/USB/Class/Device/HIDClassDevice.o
                                                  ../../LUFA/Drivers/USB/Class/Device/AudioClassDevice.o
                                                  ../../LUFA/Drivers/USB/Core/DeviceStandardReq.o
Endpoint_Write_EStream_BE                         ../../LUFA/Drivers/USB/Core/AVR8/EndpointStream_AVR8.o
Endpoint_Write_EStream_LE                         ../../LUFA/Drivers/USB/Core/AVR8/EndpointStream_AVR8.o
Endpoint_Write_PStream_BE                         ../../LUFA/Drivers/USB/Core/AVR8/EndpointStream_AVR8.o
Endpoint_Write_PStream_LE                         ../../LUFA/Drivers/USB/Core/AVR8/EndpointStream_AVR8.o
Endpoint_Write_Stream_BE                          ../../LUFA/Drivers/USB/Core/AVR8/EndpointStream_AVR8.o
Endpoint_Write_Stream_LE                          ../../LUFA/Drivers/USB/Core/AVR8/EndpointStream_AVR8.o
                                                  ../../LUFA/Drivers/USB/Class/Device/RNDISClassDevice.o
                                                  ../../LUFA/Drivers/USB/Class/Device/MIDIClassDevice.o
                                                  ../../LUFA/Drivers/USB/Class/Device/MassStorageClassDevice.o
                                                  ../../LUFA/Drivers/USB/Class/Device/HIDClassDevice.o
                                                  ../../LUFA/Drivers/USB/Class/Device/CDCClassDevice.o
HID_Device_ConfigureEndpoints                     ../../LUFA/Drivers/USB/Class/Device/HIDClassDevice.o
HID_Device_ProcessControlRequest                  ../../LUFA/Drivers/USB/Class/Device/HIDClassDevice.o
HID_Device_USBTask                                ../../LUFA/Drivers/USB/Class/Device/HIDClassDevice.o
LanguageString                                    Descriptors.o
MIDI_Device_ConfigureEndpoints                    ../../LUFA/Drivers/USB/Class/Device/MIDIClassDevice.o
MIDI_Device_Flush                                 ../../LUFA/Drivers/USB/Class/Device/MIDIClassDevice.o
MIDI_Device_ReceiveEventPacket                    ../../LUFA/Drivers/USB/Class/Device/MIDIClassDevice.o
MIDI_Device_SendEventPacket                       ../../LUFA/Drivers/USB/Class/Device/MIDIClassDevice.o
MIDI_Device_USBTask                               ../../LUFA/Drivers/USB/Class/Device/MIDIClassDevice.o
MS_Device_ConfigureEndpoints                      ../../LUFA/Drivers/USB/Class/Device/MassStorageClassDevice.o
MS_Device_ProcessControlRequest                   ../../LUFA/Drivers/USB/Class/Device/MassStorageClassDevice.o
MS_Device_USBTask                                 ../../LUFA/Drivers/USB/Class/Device/MassStorageClassDevice.o
ManufacturerString                                Descriptors.o
ParserState                                       tpad4-mega.o
ProductString                                     Descriptors.o
RNDIS_Device_ConfigureEndpoints                   ../../LUFA/Drivers/USB/Class/Device/RNDISClassDevice.o
RNDIS_Device_IsPacketReceived                     ../../LUFA/Drivers/USB/Class/Device/RNDISClassDevice.o
RNDIS_Device_ProcessControlRequest                ../../LUFA/Drivers/USB/Class/Device/RNDISClassDevice.o
RNDIS_Device_ReadPacket                           ../../LUFA/Drivers/USB/Class/Device/RNDISClassDevice.o
RNDIS_Device_SendPacket                           ../../LUFA/Drivers/USB/Class/Device/RNDISClassDevice.o
RNDIS_Device_USBTask                              ../../LUFA/Drivers/USB/Class/Device/RNDISClassDevice.o
SetupHardware                                     tpad4-mega.o
USB_ControlRequest                                ../../LUFA/Drivers/USB/Class/Device/RNDISClassDevice.o
                                                  ../../LUFA/Drivers/USB/Class/Device/MassStorageClassDevice.o
                                                  ../../LUFA/Drivers/USB/Class/Device/HIDClassDevice.o
                                                  ../../LUFA/Drivers/USB/Class/Device/CDCClassDevice.o
                                                  ../../LUFA/Drivers/USB/Class/Device/AudioClassDevice.o
                                                  ../../LUFA/Drivers/USB/Core/USBTask.o
                                                  ../../LUFA/Drivers/USB/Core/DeviceStandardReq.o
                                                  ../../LUFA/Drivers/USB/Core/AVR8/EndpointStream_AVR8.o
                                                  ../../LUFA/Drivers/USB/Core/AVR8/Endpoint_AVR8.o
USB_DeviceState                                   ../../LUFA/Drivers/USB/Class/Device/RNDISClassDevice.o
                                                  ../../LUFA/Drivers/USB/Class/Device/MIDIClassDevice.o
                                                  ../../LUFA/Drivers/USB/Class/Device/MassStorageClassDevice.o
                                                  ../../LUFA/Drivers/USB/Class/Device/HIDClassDevice.o
                                                  ../../LUFA/Drivers/USB/Class/Device/CDCClassDevice.o
                                                  ../../LUFA/Drivers/USB/Core/USBTask.o
                                                  ../../LUFA/Drivers/USB/Core/DeviceStandardReq.o
                                                  ../../LUFA/Drivers/USB/Core/AVR8/EndpointStream_AVR8.o
                                                  ../../LUFA/Drivers/USB/Core/AVR8/USBInterrupt_AVR8.o
                                                  ../../LUFA/Drivers/USB/Core/AVR8/USBController_AVR8.o
                                                  ../../LUFA/Drivers/USB/Core/AVR8/Endpoint_AVR8.o
USB_Device_ConfigurationNumber                    ../../LUFA/Drivers/USB/Core/DeviceStandardReq.o
                                                  ../../LUFA/Drivers/USB/Core/AVR8/USBInterrupt_AVR8.o
                                                  ../../LUFA/Drivers/USB/Core/AVR8/USBController_AVR8.o
USB_Device_CurrentlySelfPowered                   ../../LUFA/Drivers/USB/Core/DeviceStandardReq.o
                                                  ../../LUFA/Drivers/USB/Core/AVR8/USBController_AVR8.o
USB_Device_ProcessControlRequest                  ../../LUFA/Drivers/USB/Core/DeviceStandardReq.o
                                                  ../../LUFA/Drivers/USB/Core/USBTask.o
                                                  ../../LUFA/Drivers/USB/Core/AVR8/USBInterrupt_AVR8.o
USB_Device_RemoteWakeupEnabled                    ../../LUFA/Drivers/USB/Core/DeviceStandardReq.o
                                                  ../../LUFA/Drivers/USB/Core/AVR8/USBController_AVR8.o
USB_Device_SendRemoteWakeup                       ../../LUFA/Drivers/USB/Core/AVR8/Device_AVR8.o
USB_Disable                                       ../../LUFA/Drivers/USB/Core/AVR8/USBController_AVR8.o
USB_Event_Stub                                    ../../LUFA/Drivers/USB/Core/Events.o
USB_GetHIDReportItemInfo                          ../../LUFA/Drivers/USB/Class/Common/HIDParser.o
USB_GetHIDReportSize                              ../../LUFA/Drivers/USB/Class/Common/HIDParser.o
USB_GetNextDescriptorComp                         ../../LUFA/Drivers/USB/Core/ConfigDescriptors.o
USB_GetNextDescriptorOfType                       ../../LUFA/Drivers/USB/Core/ConfigDescriptors.o
USB_GetNextDescriptorOfTypeAfter                  ../../LUFA/Drivers/USB/Core/ConfigDescriptors.o
USB_GetNextDescriptorOfTypeBefore                 ../../LUFA/Drivers/USB/Core/ConfigDescriptors.o
USB_INT_ClearAllInterrupts                        ../../LUFA/Drivers/USB/Core/AVR8/USBInterrupt_AVR8.o
                                                  ../../LUFA/Drivers/USB/Core/AVR8/USBController_AVR8.o
USB_INT_DisableAllInterrupts                      ../../LUFA/Drivers/USB/Core/AVR8/USBInterrupt_AVR8.o
                                                  ../../LUFA/Drivers/USB/Core/AVR8/USBController_AVR8.o
USB_Init                                          ../../LUFA/Drivers/USB/Core/AVR8/USBController_AVR8.o
                                                  tpad4-mega.o
USB_IsInitialized                                 ../../LUFA/Drivers/USB/Core/USBTask.o
                                                  ../../LUFA/Drivers/USB/Core/AVR8/USBController_AVR8.o
USB_ProcessHIDReport                              ../../LUFA/Drivers/USB/Class/Common/HIDParser.o
USB_ResetInterface                                ../../LUFA/Drivers/USB/Core/AVR8/USBController_AVR8.o
USB_SetHIDReportItemInfo                          ../../LUFA/Drivers/USB/Class/Common/HIDParser.o
USB_USBTask                                       ../../LUFA/Drivers/USB/Core/USBTask.o
                                                  ../../LUFA/Drivers/USB/Class/Device/CDCClassDevice.o
                                                  tpad4-mega.o
__bad_interrupt                                   /usr/local/CrossPack-AVR-20100115/lib/gcc/avr/4.3.3/../../../../avr/lib/avr5/crtm32u4.o
__bss_end                                         /usr/local/CrossPack-AVR-20100115/lib/gcc/avr/4.3.3/avr5/libgcc.a(_clear_bss.o)
__bss_start                                       /usr/local/CrossPack-AVR-20100115/lib/gcc/avr/4.3.3/avr5/libgcc.a(_clear_bss.o)
__data_end                                        /usr/local/CrossPack-AVR-20100115/lib/gcc/avr/4.3.3/avr5/libgcc.a(_copy_data.o)
__data_load_start                                 /usr/local/CrossPack-AVR-20100115/lib/gcc/avr/4.3.3/avr5/libgcc.a(_copy_data.o)
__data_start                                      /usr/local/CrossPack-AVR-20100115/lib/gcc/avr/4.3.3/avr5/libgcc.a(_copy_data.o)
__do_clear_bss                                    /usr/local/CrossPack-AVR-20100115/lib/gcc/avr/4.3.3/avr5/libgcc.a(_clear_bss.o)
                                                  ../../LUFA/Drivers/USB/Core/USBTask.o
                                                  ../../LUFA/Drivers/USB/Core/DeviceStandardReq.o
                                                  tpad4-mega.o
__do_copy_data                                    /usr/local/CrossPack-AVR-20100115/lib/gcc/avr/4.3.3/avr5/libgcc.a(_copy_data.o)
                                                  ../../LUFA/Drivers/USB/Class/Device/RNDISClassDevice.o
                                                  ../../LUFA/Drivers/USB/Class/Device/CDCClassDevice.o
                                                  tpad4-mega.o
__eerd_byte_m32u4                                 /usr/local/CrossPack-AVR-20100115/lib/gcc/avr/4.3.3/../../../../avr/lib/avr5/libc.a(eerd_byte_atmega32u4.o)
                                                  ../../LUFA/Drivers/USB/Core/AVR8/EndpointStream_AVR8.o
__eeupd_byte_m32u4                                /usr/local/CrossPack-AVR-20100115/lib/gcc/avr/4.3.3/../../../../avr/lib/avr5/libc.a(eeupd_byte_atmega32u4.o)
                                                  ../../LUFA/Drivers/USB/Core/AVR8/EndpointStream_AVR8.o
__eeupd_r18_m32u4                                 /usr/local/CrossPack-AVR-20100115/lib/gcc/avr/4.3.3/../../../../avr/lib/avr5/libc.a(eeupd_byte_atmega32u4.o)
__epilogue_restores__                             /usr/local/CrossPack-AVR-20100115/lib/gcc/avr/4.3.3/avr5/libgcc.a(_epilogue.o)
                                                  /usr/local/CrossPack-AVR-20100115/lib/gcc/avr/4.3.3/../../../../avr/lib/avr5/libc.a(vfprintf_std.o)
                                                  /usr/local/CrossPack-AVR-20100115/lib/gcc/avr/4.3.3/../../../../avr/lib/avr5/libc.a(sprintf.o)
                                                  /usr/local/CrossPack-AVR-20100115/lib/gcc/avr/4.3.3/../../../../avr/lib/avr5/libc.a(fputs.o)
__heap_end                                        /usr/local/CrossPack-AVR-20100115/lib/gcc/avr/4.3.3/../../../../avr/lib/avr5/crtm32u4.o
__init                                            /usr/local/CrossPack-AVR-20100115/lib/gcc/avr/4.3.3/../../../../avr/lib/avr5/crtm32u4.o
__mulhi_const_10                                  /usr/local/CrossPack-AVR-20100115/lib/gcc/avr/4.3.3/../../../../avr/lib/avr5/libc.a(mul10.o)
                                                  /usr/local/CrossPack-AVR-20100115/lib/gcc/avr/4.3.3/../../../../avr/lib/avr5/libc.a(atoi.o)
__prologue_saves__                                /usr/local/CrossPack-AVR-20100115/lib/gcc/avr/4.3.3/avr5/libgcc.a(_prologue.o)
                                                  /usr/local/CrossPack-AVR-20100115/lib/gcc/avr/4.3.3/../../../../avr/lib/avr5/libc.a(vfprintf_std.o)
                                                  /usr/local/CrossPack-AVR-20100115/lib/gcc/avr/4.3.3/../../../../avr/lib/avr5/libc.a(sprintf.o)
__stack                                           /usr/local/CrossPack-AVR-20100115/lib/gcc/avr/4.3.3/../../../../avr/lib/avr5/crtm32u4.o
__ultoa_invert                                    /usr/local/CrossPack-AVR-20100115/lib/gcc/avr/4.3.3/../../../../avr/lib/avr5/libc.a(ultoa_invert.o)
                                                  /usr/local/CrossPack-AVR-20100115/lib/gcc/avr/4.3.3/../../../../avr/lib/avr5/libc.a(vfprintf_std.o)
__vector_1                                        /usr/local/CrossPack-AVR-20100115/lib/gcc/avr/4.3.3/../../../../avr/lib/avr5/crtm32u4.o
__vector_10                                       ../../LUFA/Drivers/USB/Core/AVR8/USBInterrupt_AVR8.o
                                                  /usr/local/CrossPack-AVR-20100115/lib/gcc/avr/4.3.3/../../../../avr/lib/avr5/crtm32u4.o
__vector_11                                       ../../LUFA/Drivers/USB/Core/AVR8/USBInterrupt_AVR8.o
                                                  /usr/local/CrossPack-AVR-20100115/lib/gcc/avr/4.3.3/../../../../avr/lib/avr5/crtm32u4.o
__vector_12                                       /usr/local/CrossPack-AVR-20100115/lib/gcc/avr/4.3.3/../../../../avr/lib/avr5/crtm32u4.o
__vector_13                                       /usr/local/CrossPack-AVR-20100115/lib/gcc/avr/4.3.3/../../../../avr/lib/avr5/crtm32u4.o
__vector_14                                       /usr/local/CrossPack-AVR-20100115/lib/gcc/avr/4.3.3/../../../../avr/lib/avr5/crtm32u4.o
__vector_15                                       /usr/local/CrossPack-AVR-20100115/lib/gcc/avr/4.3.3/../../../../avr/lib/avr5/crtm32u4.o
__vector_16                                       /usr/local/CrossPack-AVR-20100115/lib/gcc/avr/4.3.3/../../../../avr/lib/avr5/crtm32u4.o
__vector_17                                       /usr/local/CrossPack-AVR-20100115/lib/gcc/avr/4.3.3/../../../../avr/lib/avr5/crtm32u4.o
__vector_18                                       /usr/local/CrossPack-AVR-20100115/lib/gcc/avr/4.3.3/../../../../avr/lib/avr5/crtm32u4.o
__vector_19                                       /usr/local/CrossPack-AVR-20100115/lib/gcc/avr/4.3.3/../../../../avr/lib/avr5/crtm32u4.o
__vector_2                                        /usr/local/CrossPack-AVR-20100115/lib/gcc/avr/4.3.3/../../../../avr/lib/avr5/crtm32u4.o
__vector_20                                       /usr/local/CrossPack-AVR-20100115/lib/gcc/avr/4.3.3/../../../../avr/lib/avr5/crtm32u4.o
__vector_21                                       /usr/local/CrossPack-AVR-20100115/lib/gcc/avr/4.3.3/../../../../avr/lib/avr5/crtm32u4.o
__vector_22                                       /usr/local/CrossPack-AVR-20100115/lib/gcc/avr/4.3.3/../../../../avr/lib/avr5/crtm32u4.o
__vector_23                                       /usr/local/CrossPack-AVR-20100115/lib/gcc/avr/4.3.3/../../../../avr/lib/avr5/crtm32u4.o
__vector_24                                       /usr/local/CrossPack-AVR-20100115/lib/gcc/avr/4.3.3/../../../../avr/lib/avr5/crtm32u4.o
__vector_25                                       /usr/local/CrossPack-AVR-20100115/lib/gcc/avr/4.3.3/../../../../avr/lib/avr5/crtm32u4.o
__vector_26                                       /usr/local/CrossPack-AVR-20100115/lib/gcc/avr/4.3.3/../../../../avr/lib/avr5/crtm32u4.o
__vector_27                                       /usr/local/CrossPack-AVR-20100115/lib/gcc/avr/4.3.3/../../../../avr/lib/avr5/crtm32u4.o
__vector_28                                       /usr/local/CrossPack-AVR-20100115/lib/gcc/avr/4.3.3/../../../../avr/lib/avr5/crtm32u4.o
__vector_29                                       /usr/local/CrossPack-AVR-20100115/lib/gcc/avr/4.3.3/../../../../avr/lib/avr5/crtm32u4.o
__vector_3                                        /usr/local/CrossPack-AVR-20100115/lib/gcc/avr/4.3.3/../../../../avr/lib/avr5/crtm32u4.o
__vector_30                                       /usr/local/CrossPack-AVR-20100115/lib/gcc/avr/4.3.3/../../../../avr/lib/avr5/crtm32u4.o
__vector_31                                       /usr/local/CrossPack-AVR-20100115/lib/gcc/avr/4.3.3/../../../../avr/lib/avr5/crtm32u4.o
__vector_32                                       /usr/local/CrossPack-AVR-20100115/lib/gcc/avr/4.3.3/../../../../avr/lib/avr5/crtm32u4.o
__vector_33                                       /usr/local/CrossPack-AVR-20100115/lib/gcc/avr/4.3.3/../../../../avr/lib/avr5/crtm32u4.o
__vector_34                                       /usr/local/CrossPack-AVR-20100115/lib/gcc/avr/4.3.3/../../../../avr/lib/avr5/crtm32u4.o
__vector_35                                       /usr/local/CrossPack-AVR-20100115/lib/gcc/avr/4.3.3/../../../../avr/lib/avr5/crtm32u4.o
__vector_36                                       /usr/local/CrossPack-AVR-20100115/lib/gcc/avr/4.3.3/../../../../avr/lib/avr5/crtm32u4.o
__vector_37                                       /usr/local/CrossPack-AVR-20100115/lib/gcc/avr/4.3.3/../../../../avr/lib/avr5/crtm32u4.o
__vector_38                                       /usr/local/CrossPack-AVR-20100115/lib/gcc/avr/4.3.3/../../../../avr/lib/avr5/crtm32u4.o
__vector_39                                       /usr/local/CrossPack-AVR-20100115/lib/gcc/avr/4.3.3/../../../../avr/lib/avr5/crtm32u4.o
__vector_4                                        /usr/local/CrossPack-AVR-20100115/lib/gcc/avr/4.3.3/../../../../avr/lib/avr5/crtm32u4.o
__vector_40                                       /usr/local/CrossPack-AVR-20100115/lib/gcc/avr/4.3.3/../../../../avr/lib/avr5/crtm32u4.o
__vector_41                                       /usr/local/CrossPack-AVR-20100115/lib/gcc/avr/4.3.3/../../../../avr/lib/avr5/crtm32u4.o
__vector_42                                       /usr/local/CrossPack-AVR-20100115/lib/gcc/avr/4.3.3/../../../../avr/lib/avr5/crtm32u4.o
__vector_5                                        /usr/local/CrossPack-AVR-20100115/lib/gcc/avr/4.3.3/../../../../avr/lib/avr5/crtm32u4.o
__vector_6                                        /usr/local/CrossPack-AVR-20100115/lib/gcc/avr/4.3.3/../../../../avr/lib/avr5/crtm32u4.o
__vector_7                                        /usr/local/CrossPack-AVR-20100115/lib/gcc/avr/4.3.3/../../../../avr/lib/avr5/crtm32u4.o
__vector_8                                        /usr/local/CrossPack-AVR-20100115/lib/gcc/avr/4.3.3/../../../../avr/lib/avr5/crtm32u4.o
__vector_9                                        /usr/local/CrossPack-AVR-20100115/lib/gcc/avr/4.3.3/../../../../avr/lib/avr5/crtm32u4.o
__vector_default                                  /usr/local/CrossPack-AVR-20100115/lib/gcc/avr/4.3.3/../../../../avr/lib/avr5/crtm32u4.o
__vectors                                         /usr/local/CrossPack-AVR-20100115/lib/gcc/avr/4.3.3/../../../../avr/lib/avr5/crtm32u4.o
_exit                                             /usr/local/CrossPack-AVR-20100115/lib/gcc/avr/4.3.3/avr5/libgcc.a(_exit.o)
atoi                                              /usr/local/CrossPack-AVR-20100115/lib/gcc/avr/4.3.3/../../../../avr/lib/avr5/libc.a(atoi.o)
                                                  tpad4-mega.o
bufferPos                                         tpad4-mega.o
button                                            tpad4-mega.o
buttonChannels                                    tpad4-mega.o
buttonMapping                                     tpad4-mega.o
colorBuffer                                       tpad4-mega.o
colors                                            tpad4-mega.o
exit                                              /usr/local/CrossPack-AVR-20100115/lib/gcc/avr/4.3.3/avr5/libgcc.a(_exit.o)
                                                  /usr/local/CrossPack-AVR-20100115/lib/gcc/avr/4.3.3/../../../../avr/lib/avr5/crtm32u4.o
fputc                                             /usr/local/CrossPack-AVR-20100115/lib/gcc/avr/4.3.3/../../../../avr/lib/avr5/libc.a(fputc.o)
                                                  /usr/local/CrossPack-AVR-20100115/lib/gcc/avr/4.3.3/../../../../avr/lib/avr5/libc.a(vfprintf_std.o)
fputs                                             /usr/local/CrossPack-AVR-20100115/lib/gcc/avr/4.3.3/../../../../avr/lib/avr5/libc.a(fputs.o)
                                                  tpad4-mega.o
led_createColor                                   led.o
                                                  tpad4-mega.o
led_createPacket                                  led.o
led_latch                                         led.o
                                                  tpad4-mega.o
led_send                                          led.o
                                                  tpad4-mega.o
led_setup                                         led.o
                                                  tpad4-mega.o
main                                              tpad4-mega.o
                                                  /usr/local/CrossPack-AVR-20100115/lib/gcc/avr/4.3.3/../../../../avr/lib/avr5/crtm32u4.o
memcmp                                            /usr/local/CrossPack-AVR-20100115/lib/gcc/avr/4.3.3/../../../../avr/lib/avr5/libc.a(memcmp.o)
                                                  ../../LUFA/Drivers/USB/Class/Device/HIDClassDevice.o
memcpy                                            /usr/local/CrossPack-AVR-20100115/lib/gcc/avr/4.3.3/../../../../avr/lib/avr5/libc.a(memcpy.o)
                                                  ../../LUFA/Drivers/USB/Class/Device/RNDISClassDevice.o
                                                  ../../LUFA/Drivers/USB/Class/Device/HIDClassDevice.o
memcpy_P                                          /usr/local/CrossPack-AVR-20100115/lib/gcc/avr/4.3.3/../../../../avr/lib/avr5/libc.a(memcpy_P.o)
                                                  ../../LUFA/Drivers/USB/Class/Device/RNDISClassDevice.o
memset                                            /usr/local/CrossPack-AVR-20100115/lib/gcc/avr/4.3.3/../../../../avr/lib/avr5/libc.a(memset.o)
                                                  ../../LUFA/Drivers/USB/Class/Device/HIDClassDevice.o
parseChunk                                        tpad4-mega.o
parserPos                                         tpad4-mega.o
reading                                           tpad4-mega.o
results                                           tpad4-mega.o
sprintf                                           /usr/local/CrossPack-AVR-20100115/lib/gcc/avr/4.3.3/../../../../avr/lib/avr5/libc.a(sprintf.o)
                                                  tpad4-mega.o
strnlen                                           /usr/local/CrossPack-AVR-20100115/lib/gcc/avr/4.3.3/../../../../avr/lib/avr5/libc.a(strnlen.o)
                                                  /usr/local/CrossPack-AVR-20100115/lib/gcc/avr/4.3.3/../../../../avr/lib/avr5/libc.a(vfprintf_std.o)
strnlen_P                                         /usr/local/CrossPack-AVR-20100115/lib/gcc/avr/4.3.3/../../../../avr/lib/avr5/libc.a(strnlen_P.o)
                                                  /usr/local/CrossPack-AVR-20100115/lib/gcc/avr/4.3.3/../../../../avr/lib/avr5/libc.a(vfprintf_std.o)
tpad_CDC_Interface                                tpad4-mega.o
updateLeds                                        tpad4-mega.o
vfprintf                                          /usr/local/CrossPack-AVR-20100115/lib/gcc/avr/4.3.3/../../../../avr/lib/avr5/libc.a(vfprintf_std.o)
                                                  /usr/local/CrossPack-AVR-20100115/lib/gcc/avr/4.3.3/../../../../avr/lib/avr5/libc.a(sprintf.o)
